<?xml version="1.0"?>
<link_info>
   <banner>TI ARM Linker PC v17.6.0.STS</banner>
   <copyright>Copyright (c) 1996-2017 Texas Instruments Incorporated</copyright>
   <link_time>0x59e2e570</link_time>
   <link_errors>0x0</link_errors>
   <output_file>rya_bai_thu_dan.out</output_file>
   <entry_point>
      <name>_c_int00</name>
      <address>0x1145</address>
   </entry_point>
   <input_file_list>
      <input_file id="fl-2">
         <path>.\</path>
         <kind>object</kind>
         <file>main.obj</file>
         <name>main.obj</name>
      </input_file>
      <input_file id="fl-3">
         <path>.\</path>
         <kind>object</kind>
         <file>tm4c123gh6pm_startup_ccs.obj</file>
         <name>tm4c123gh6pm_startup_ccs.obj</name>
      </input_file>
      <input_file id="fl-4">
         <path>.\GPIO\</path>
         <kind>object</kind>
         <file>GPIO.obj</file>
         <name>GPIO.obj</name>
      </input_file>
      <input_file id="fl-5">
         <path>.\UART\</path>
         <kind>object</kind>
         <file>UART.obj</file>
         <name>UART.obj</name>
      </input_file>
      <input_file id="fl-6">
         <path>.\quet_led\</path>
         <kind>object</kind>
         <file>quet_led.obj</file>
         <name>quet_led.obj</name>
      </input_file>
      <input_file id="fl-7">
         <path>.\quet_led\</path>
         <kind>object</kind>
         <file>thu_dan.obj</file>
         <name>thu_dan.obj</name>
      </input_file>
      <input_file id="fl-8">
         <path>.\snake\</path>
         <kind>object</kind>
         <file>snake.obj</file>
         <name>snake.obj</name>
      </input_file>
      <input_file id="fl-d">
         <kind>object</kind>
         <file>&lt;internal&gt;</file>
         <name>&lt;internal&gt;</name>
      </input_file>
      <input_file id="fl-e">
         <path>C:\ti\TivaWare_C_Series-2.1.2.111\driverlib\ccs\Debug\</path>
         <kind>archive</kind>
         <file>driverlib.lib</file>
         <name>gpio.obj</name>
      </input_file>
      <input_file id="fl-f">
         <path>C:\ti\TivaWare_C_Series-2.1.2.111\driverlib\ccs\Debug\</path>
         <kind>archive</kind>
         <file>driverlib.lib</file>
         <name>interrupt.obj</name>
      </input_file>
      <input_file id="fl-10">
         <path>C:\ti\TivaWare_C_Series-2.1.2.111\driverlib\ccs\Debug\</path>
         <kind>archive</kind>
         <file>driverlib.lib</file>
         <name>sysctl.obj</name>
      </input_file>
      <input_file id="fl-11">
         <path>C:\ti\TivaWare_C_Series-2.1.2.111\driverlib\ccs\Debug\</path>
         <kind>archive</kind>
         <file>driverlib.lib</file>
         <name>uart.obj</name>
      </input_file>
      <input_file id="fl-12">
         <path>C:\ti\TivaWare_C_Series-2.1.2.111\driverlib\ccs\Debug\</path>
         <kind>archive</kind>
         <file>driverlib.lib</file>
         <name>cpu.obj</name>
      </input_file>
      <input_file id="fl-c8">
         <path>C:\ti\ccsv7\tools\compiler\ti-cgt-arm_17.6.0.STS\lib\</path>
         <kind>archive</kind>
         <file>rtsv7M4_T_le_v4SPD16_eabi.lib</file>
         <name>copy_zero_init.obj</name>
      </input_file>
      <input_file id="fl-c9">
         <path>C:\ti\ccsv7\tools\compiler\ti-cgt-arm_17.6.0.STS\lib\</path>
         <kind>archive</kind>
         <file>rtsv7M4_T_le_v4SPD16_eabi.lib</file>
         <name>copy_decompress_none.obj</name>
      </input_file>
      <input_file id="fl-ca">
         <path>C:\ti\ccsv7\tools\compiler\ti-cgt-arm_17.6.0.STS\lib\</path>
         <kind>archive</kind>
         <file>rtsv7M4_T_le_v4SPD16_eabi.lib</file>
         <name>copy_decompress_lzss.obj</name>
      </input_file>
      <input_file id="fl-cb">
         <path>C:\ti\ccsv7\tools\compiler\ti-cgt-arm_17.6.0.STS\lib\</path>
         <kind>archive</kind>
         <file>rtsv7M4_T_le_v4SPD16_eabi.lib</file>
         <name>boot_cortex_m.obj</name>
      </input_file>
      <input_file id="fl-cc">
         <path>C:\ti\ccsv7\tools\compiler\ti-cgt-arm_17.6.0.STS\lib\</path>
         <kind>archive</kind>
         <file>rtsv7M4_T_le_v4SPD16_eabi.lib</file>
         <name>memset_t2.obj</name>
      </input_file>
      <input_file id="fl-cd">
         <path>C:\ti\ccsv7\tools\compiler\ti-cgt-arm_17.6.0.STS\lib\</path>
         <kind>archive</kind>
         <file>rtsv7M4_T_le_v4SPD16_eabi.lib</file>
         <name>memcpy_t2.obj</name>
      </input_file>
      <input_file id="fl-ce">
         <path>C:\ti\ccsv7\tools\compiler\ti-cgt-arm_17.6.0.STS\lib\</path>
         <kind>archive</kind>
         <file>rtsv7M4_T_le_v4SPD16_eabi.lib</file>
         <name>autoinit.obj</name>
      </input_file>
      <input_file id="fl-cf">
         <path>C:\ti\ccsv7\tools\compiler\ti-cgt-arm_17.6.0.STS\lib\</path>
         <kind>archive</kind>
         <file>rtsv7M4_T_le_v4SPD16_eabi.lib</file>
         <name>pre_init.obj</name>
      </input_file>
      <input_file id="fl-d0">
         <path>C:\ti\ccsv7\tools\compiler\ti-cgt-arm_17.6.0.STS\lib\</path>
         <kind>archive</kind>
         <file>rtsv7M4_T_le_v4SPD16_eabi.lib</file>
         <name>startup.obj</name>
      </input_file>
      <input_file id="fl-d1">
         <path>C:\ti\ccsv7\tools\compiler\ti-cgt-arm_17.6.0.STS\lib\</path>
         <kind>archive</kind>
         <file>rtsv7M4_T_le_v4SPD16_eabi.lib</file>
         <name>cpy_tbl.obj</name>
      </input_file>
      <input_file id="fl-d2">
         <path>C:\ti\ccsv7\tools\compiler\ti-cgt-arm_17.6.0.STS\lib\</path>
         <kind>archive</kind>
         <file>rtsv7M4_T_le_v4SPD16_eabi.lib</file>
         <name>exit.obj</name>
      </input_file>
      <input_file id="fl-d3">
         <path>C:\ti\ccsv7\tools\compiler\ti-cgt-arm_17.6.0.STS\lib\</path>
         <kind>archive</kind>
         <file>rtsv7M4_T_le_v4SPD16_eabi.lib</file>
         <name>_lock.obj</name>
      </input_file>
      <input_file id="fl-d4">
         <path>C:\ti\ccsv7\tools\compiler\ti-cgt-arm_17.6.0.STS\lib\</path>
         <kind>archive</kind>
         <file>rtsv7M4_T_le_v4SPD16_eabi.lib</file>
         <name>args_main.obj</name>
      </input_file>
   </input_file_list>
   <object_component_list>
      <object_component id="oc-f">
         <name>.intvecs</name>
         <load_address>0x0</load_address>
         <run_address>0x0</run_address>
         <size>0x26c</size>
         <input_file_ref idref="fl-3"/>
      </object_component>
      <object_component id="oc-194">
         <name>.text</name>
         <load_address>0x26c</load_address>
         <run_address>0x26c</run_address>
         <size>0x228</size>
         <input_file_ref idref="fl-6"/>
      </object_component>
      <object_component id="oc-dc">
         <name>.text</name>
         <load_address>0x494</load_address>
         <run_address>0x494</run_address>
         <size>0x1fc</size>
         <input_file_ref idref="fl-7"/>
      </object_component>
      <object_component id="oc-d0">
         <name>.text</name>
         <load_address>0x690</load_address>
         <run_address>0x690</run_address>
         <size>0x1b4</size>
         <input_file_ref idref="fl-5"/>
      </object_component>
      <object_component id="oc-11f">
         <name>.text:GPIOPadConfigSet</name>
         <load_address>0x844</load_address>
         <run_address>0x844</run_address>
         <size>0x132</size>
         <input_file_ref idref="fl-e"/>
      </object_component>
      <object_component id="oc-9a">
         <name>.text</name>
         <load_address>0x976</load_address>
         <run_address>0x976</run_address>
         <size>0x2</size>
         <input_file_ref idref="fl-d0"/>
      </object_component>
      <object_component id="oc-ca">
         <name>.text</name>
         <load_address>0x978</load_address>
         <run_address>0x978</run_address>
         <size>0x128</size>
         <input_file_ref idref="fl-4"/>
      </object_component>
      <object_component id="oc-d6">
         <name>.text:SysCtlClockGet</name>
         <load_address>0xaa0</load_address>
         <run_address>0xaa0</run_address>
         <size>0x110</size>
         <input_file_ref idref="fl-10"/>
      </object_component>
      <object_component id="oc-c4">
         <name>.text:SysCtlClockSet</name>
         <load_address>0xbb0</load_address>
         <run_address>0xbb0</run_address>
         <size>0xf4</size>
         <input_file_ref idref="fl-10"/>
      </object_component>
      <object_component id="oc-42">
         <name>.text</name>
         <load_address>0xca4</load_address>
         <run_address>0xca4</run_address>
         <size>0x9c</size>
         <input_file_ref idref="fl-cd"/>
      </object_component>
      <object_component id="oc-4e">
         <name>.text</name>
         <load_address>0xd40</load_address>
         <run_address>0xd40</run_address>
         <size>0x7a</size>
         <input_file_ref idref="fl-cc"/>
      </object_component>
      <object_component id="oc-60">
         <name>.text</name>
         <load_address>0xdbc</load_address>
         <run_address>0xdbc</run_address>
         <size>0x70</size>
         <input_file_ref idref="fl-ce"/>
      </object_component>
      <object_component id="oc-131">
         <name>.text:IntEnable</name>
         <load_address>0xe2c</load_address>
         <run_address>0xe2c</run_address>
         <size>0x68</size>
         <input_file_ref idref="fl-f"/>
      </object_component>
      <object_component id="oc-12">
         <name>.text:decompress:lzss</name>
         <load_address>0xe94</load_address>
         <run_address>0xe94</run_address>
         <size>0x68</size>
         <input_file_ref idref="fl-ca"/>
      </object_component>
      <object_component id="oc-6c">
         <name>.text</name>
         <load_address>0xefc</load_address>
         <run_address>0xefc</run_address>
         <size>0x54</size>
         <input_file_ref idref="fl-d2"/>
      </object_component>
      <object_component id="oc-94">
         <name>.text</name>
         <load_address>0xf50</load_address>
         <run_address>0xf50</run_address>
         <size>0x4c</size>
         <input_file_ref idref="fl-d1"/>
      </object_component>
      <object_component id="oc-165">
         <name>.text:GPIOPinConfigure</name>
         <load_address>0xf9c</load_address>
         <run_address>0xf9c</run_address>
         <size>0x48</size>
         <input_file_ref idref="fl-e"/>
      </object_component>
      <object_component id="oc-171">
         <name>.text:UARTConfigSetExpClk</name>
         <load_address>0xfe4</load_address>
         <run_address>0xfe4</run_address>
         <size>0x46</size>
         <input_file_ref idref="fl-11"/>
      </object_component>
      <object_component id="oc-1b8">
         <name>.text:_GPIOIntNumberGet</name>
         <load_address>0x102c</load_address>
         <run_address>0x102c</run_address>
         <size>0x40</size>
         <input_file_ref idref="fl-e"/>
      </object_component>
      <object_component id="oc-1ed">
         <name>.text:_UARTIntNumberGet</name>
         <load_address>0x106c</load_address>
         <run_address>0x106c</run_address>
         <size>0x40</size>
         <input_file_ref idref="fl-11"/>
      </object_component>
      <object_component id="oc-1be">
         <name>.text:IntRegister</name>
         <load_address>0x10ac</load_address>
         <run_address>0x10ac</run_address>
         <size>0x34</size>
         <input_file_ref idref="fl-f"/>
      </object_component>
      <object_component id="oc-107">
         <name>.text:SysCtlPeripheralEnable</name>
         <load_address>0x10e0</load_address>
         <run_address>0x10e0</run_address>
         <size>0x34</size>
         <input_file_ref idref="fl-10"/>
      </object_component>
      <object_component id="oc-a2">
         <name>.text</name>
         <load_address>0x1114</load_address>
         <run_address>0x1114</run_address>
         <size>0x30</size>
         <input_file_ref idref="fl-2"/>
      </object_component>
      <object_component id="oc-24">
         <name>.text</name>
         <load_address>0x1144</load_address>
         <run_address>0x1144</run_address>
         <size>0x30</size>
         <input_file_ref idref="fl-cb"/>
      </object_component>
      <object_component id="oc-1ad">
         <name>.text:GPIODirModeSet</name>
         <load_address>0x1174</load_address>
         <run_address>0x1174</run_address>
         <size>0x2a</size>
         <input_file_ref idref="fl-e"/>
      </object_component>
      <object_component id="oc-1e0">
         <name>.text:UARTDisable</name>
         <load_address>0x11a0</load_address>
         <run_address>0x11a0</run_address>
         <size>0x20</size>
         <input_file_ref idref="fl-11"/>
      </object_component>
      <object_component id="oc-125">
         <name>.text:GPIOIntRegister</name>
         <load_address>0x11c0</load_address>
         <run_address>0x11c0</run_address>
         <size>0x18</size>
         <input_file_ref idref="fl-e"/>
      </object_component>
      <object_component id="oc-10d">
         <name>.text:GPIOPinTypeGPIOOutput</name>
         <load_address>0x11d8</load_address>
         <run_address>0x11d8</run_address>
         <size>0x18</size>
         <input_file_ref idref="fl-e"/>
      </object_component>
      <object_component id="oc-177">
         <name>.text:UARTIntRegister</name>
         <load_address>0x11f0</load_address>
         <run_address>0x11f0</run_address>
         <size>0x18</size>
         <input_file_ref idref="fl-11"/>
      </object_component>
      <object_component id="oc-66">
         <name>.text</name>
         <load_address>0x1208</load_address>
         <run_address>0x1208</run_address>
         <size>0x18</size>
         <input_file_ref idref="fl-d4"/>
      </object_component>
      <object_component id="oc-1e6">
         <name>.text:UARTEnable</name>
         <load_address>0x1220</load_address>
         <run_address>0x1220</run_address>
         <size>0x14</size>
         <input_file_ref idref="fl-11"/>
      </object_component>
      <object_component id="oc-ec">
         <name>.text</name>
         <load_address>0x1234</load_address>
         <run_address>0x1234</run_address>
         <size>0x14</size>
         <input_file_ref idref="fl-d3"/>
      </object_component>
      <object_component id="oc-119">
         <name>.text:GPIOPinTypeGPIOInput</name>
         <load_address>0x1248</load_address>
         <run_address>0x1248</run_address>
         <size>0x12</size>
         <input_file_ref idref="fl-e"/>
      </object_component>
      <object_component id="oc-16b">
         <name>.text:GPIOPinTypeUART</name>
         <load_address>0x125a</load_address>
         <run_address>0x125a</run_address>
         <size>0x12</size>
         <input_file_ref idref="fl-e"/>
      </object_component>
      <object_component id="oc-137">
         <name>.text:IntMasterEnable</name>
         <load_address>0x126c</load_address>
         <run_address>0x126c</run_address>
         <size>0x10</size>
         <input_file_ref idref="fl-f"/>
      </object_component>
      <object_component id="oc-13d">
         <name>.text:GPIOIntStatus</name>
         <load_address>0x127c</load_address>
         <run_address>0x127c</run_address>
         <size>0xe</size>
         <input_file_ref idref="fl-e"/>
      </object_component>
      <object_component id="oc-159">
         <name>.text:UARTCharGetNonBlocking</name>
         <load_address>0x128a</load_address>
         <run_address>0x128a</run_address>
         <size>0xe</size>
         <input_file_ref idref="fl-11"/>
      </object_component>
      <object_component id="oc-15f">
         <name>.text:UARTCharsAvail</name>
         <load_address>0x1298</load_address>
         <run_address>0x1298</run_address>
         <size>0xe</size>
         <input_file_ref idref="fl-11"/>
      </object_component>
      <object_component id="oc-18">
         <name>.text:decompress:none</name>
         <load_address>0x12a6</load_address>
         <run_address>0x12a6</run_address>
         <size>0xe</size>
         <input_file_ref idref="fl-c9"/>
      </object_component>
      <object_component id="oc-1cb">
         <name>.text:CPUcpsie</name>
         <load_address>0x12b4</load_address>
         <run_address>0x12b4</run_address>
         <size>0xc</size>
         <input_file_ref idref="fl-12"/>
      </object_component>
      <object_component id="oc-12b">
         <name>.text:GPIOIntEnable</name>
         <load_address>0x12c0</load_address>
         <run_address>0x12c0</run_address>
         <size>0xc</size>
         <input_file_ref idref="fl-e"/>
      </object_component>
      <object_component id="oc-1e">
         <name>.text:decompress:ZI</name>
         <load_address>0x12cc</load_address>
         <run_address>0x12cc</run_address>
         <size>0xc</size>
         <input_file_ref idref="fl-c8"/>
      </object_component>
      <object_component id="oc-2e">
         <name>.text</name>
         <load_address>0x12d8</load_address>
         <run_address>0x12d8</run_address>
         <size>0xc</size>
         <input_file_ref idref="fl-3"/>
      </object_component>
      <object_component id="oc-183">
         <name>.text:UARTCharPut</name>
         <load_address>0x12e4</load_address>
         <run_address>0x12e4</run_address>
         <size>0xa</size>
         <input_file_ref idref="fl-11"/>
      </object_component>
      <object_component id="oc-14d">
         <name>.text:UARTIntStatus</name>
         <load_address>0x12ee</load_address>
         <run_address>0x12ee</run_address>
         <size>0xa</size>
         <input_file_ref idref="fl-11"/>
      </object_component>
      <object_component id="oc-17d">
         <name>.text:UARTIntEnable</name>
         <load_address>0x12f8</load_address>
         <run_address>0x12f8</run_address>
         <size>0x8</size>
         <input_file_ref idref="fl-11"/>
      </object_component>
      <object_component id="oc-143">
         <name>.text:GPIOIntClear</name>
         <load_address>0x1300</load_address>
         <run_address>0x1300</run_address>
         <size>0x6</size>
         <input_file_ref idref="fl-e"/>
      </object_component>
      <object_component id="oc-113">
         <name>.text:GPIOPinWrite</name>
         <load_address>0x1306</load_address>
         <run_address>0x1306</run_address>
         <size>0x6</size>
         <input_file_ref idref="fl-e"/>
      </object_component>
      <object_component id="oc-104">
         <name>.text:SysCtlDelay</name>
         <load_address>0x130c</load_address>
         <run_address>0x130c</run_address>
         <size>0x6</size>
         <input_file_ref idref="fl-10"/>
      </object_component>
      <object_component id="oc-153">
         <name>.text:UARTIntClear</name>
         <load_address>0x1312</load_address>
         <run_address>0x1312</run_address>
         <size>0x4</size>
         <input_file_ref idref="fl-11"/>
      </object_component>
      <object_component id="oc-5a">
         <name>.text</name>
         <load_address>0x1316</load_address>
         <run_address>0x1316</run_address>
         <size>0x4</size>
         <input_file_ref idref="fl-cf"/>
      </object_component>
      <object_component id="oc-20a">
         <name>.const:g_ppui32GPIOIntMapBlizzard</name>
         <load_address>0x131c</load_address>
         <run_address>0x131c</run_address>
         <size>0xc0</size>
         <input_file_ref idref="fl-e"/>
      </object_component>
      <object_component id="oc-20d">
         <name>.const:g_ppui32GPIOIntMapSnowflake</name>
         <load_address>0x13dc</load_address>
         <run_address>0x13dc</run_address>
         <size>0xc0</size>
         <input_file_ref idref="fl-e"/>
      </object_component>
      <object_component id="oc-1db">
         <name>.const:g_pui32GPIOBaseAddrs</name>
         <load_address>0x149c</load_address>
         <run_address>0x149c</run_address>
         <size>0x90</size>
         <input_file_ref idref="fl-e"/>
      </object_component>
      <object_component id="oc-1c6">
         <name>.const</name>
         <load_address>0x152c</load_address>
         <run_address>0x152c</run_address>
         <size>0x70</size>
         <input_file_ref idref="fl-f"/>
      </object_component>
      <object_component id="oc-190">
         <name>.const:g_pui32Xtals</name>
         <load_address>0x159c</load_address>
         <run_address>0x159c</run_address>
         <size>0x6c</size>
         <input_file_ref idref="fl-10"/>
      </object_component>
      <object_component id="oc-220">
         <name>.const:g_ppui32UARTIntMap</name>
         <load_address>0x1608</load_address>
         <run_address>0x1608</run_address>
         <size>0x40</size>
         <input_file_ref idref="fl-11"/>
      </object_component>
      <object_component id="oc-223">
         <name>.const:g_ppui32UARTIntMapSnowflake</name>
         <load_address>0x1648</load_address>
         <run_address>0x1648</run_address>
         <size>0x40</size>
         <input_file_ref idref="fl-11"/>
      </object_component>
      <object_component id="oc-203">
         <name>.const:$P$T1$4</name>
         <load_address>0x1688</load_address>
         <run_address>0x1688</run_address>
         <size>0x20</size>
         <input_file_ref idref="fl-6"/>
      </object_component>
      <object_component id="oc-200">
         <name>.const:.string:$P$T0$3</name>
         <load_address>0x16a8</load_address>
         <run_address>0x16a8</run_address>
         <size>0x8</size>
         <input_file_ref idref="fl-6"/>
      </object_component>
      <object_component id="oc-259">
         <name>.cinit..data.load</name>
         <load_address>0x16b0</load_address>
         <run_address>0x16b0</run_address>
         <size>0x1a</size>
      </object_component>
      <object_component id="oc-256">
         <name>__TI_handler_table</name>
         <load_address>0x16cc</load_address>
         <run_address>0x16cc</run_address>
         <size>0xc</size>
      </object_component>
      <object_component id="oc-25a">
         <name>.cinit..bss.load</name>
         <load_address>0x16d8</load_address>
         <run_address>0x16d8</run_address>
         <size>0x8</size>
      </object_component>
      <object_component id="oc-258">
         <name>.cinit..vtable.load</name>
         <load_address>0x16e0</load_address>
         <run_address>0x16e0</run_address>
         <size>0x8</size>
      </object_component>
      <object_component id="oc-257">
         <name>__TI_cinit_table</name>
         <load_address>0x16e8</load_address>
         <run_address>0x16e8</run_address>
         <size>0x18</size>
      </object_component>
      <object_component id="oc-211">
         <name>.vtable</name>
         <uninitialized>true</uninitialized>
         <run_address>0x20000000</run_address>
         <size>0x26c</size>
         <input_file_ref idref="fl-f"/>
      </object_component>
      <object_component id="oc-149">
         <name>.data</name>
         <load_address>0x200006cc</load_address>
         <run_address>0x200006cc</run_address>
         <size>0x5</size>
         <input_file_ref idref="fl-4"/>
      </object_component>
      <object_component id="oc-189">
         <name>.data</name>
         <load_address>0x200006c4</load_address>
         <run_address>0x200006c4</run_address>
         <size>0x6</size>
         <input_file_ref idref="fl-5"/>
      </object_component>
      <object_component id="oc-1fc">
         <name>.data</name>
         <load_address>0x200006bc</load_address>
         <run_address>0x200006bc</run_address>
         <size>0x8</size>
         <input_file_ref idref="fl-6"/>
      </object_component>
      <object_component id="oc-19b">
         <name>.data</name>
         <load_address>0x200006d4</load_address>
         <run_address>0x200006d4</run_address>
         <size>0x4</size>
         <input_file_ref idref="fl-7"/>
      </object_component>
      <object_component id="oc-aa">
         <name>.data:$O1$$</name>
         <load_address>0x200006a8</load_address>
         <run_address>0x200006a8</run_address>
         <size>0xc</size>
         <input_file_ref idref="fl-d2"/>
      </object_component>
      <object_component id="oc-ad">
         <name>.data:$O1$$</name>
         <load_address>0x200006b4</load_address>
         <run_address>0x200006b4</run_address>
         <size>0x8</size>
         <input_file_ref idref="fl-d3"/>
      </object_component>
      <object_component id="oc-19a">
         <name>.bss</name>
         <uninitialized>true</uninitialized>
         <run_address>0x200004a0</run_address>
         <size>0x8</size>
         <input_file_ref idref="fl-7"/>
      </object_component>
      <object_component id="oc-18c">
         <name>.common:C1101_Buf</name>
         <uninitialized>true</uninitialized>
         <run_address>0x2000046c</run_address>
         <size>0x34</size>
      </object_component>
      <object_component id="oc-1fd">
         <name>.common:led_cube</name>
         <uninitialized>true</uninitialized>
         <run_address>0x2000026c</run_address>
         <size>0x200</size>
      </object_component>
      <object_component id="oc-2b">
         <name>.stack</name>
         <uninitialized>true</uninitialized>
         <run_address>0x200004a8</run_address>
         <size>0x4</size>
         <input_file_ref idref="fl-cb"/>
      </object_component>
      <object_component id="oc-25b">
         <name>.stack</name>
         <uninitialized>true</uninitialized>
         <run_address>0x200004a8</run_address>
         <size>0x0</size>
      </object_component>
      <object_component id="oc-a3">
         <name>.debug_info</name>
         <load_address>0x0</load_address>
         <run_address>0x0</run_address>
         <size>0x15a</size>
         <input_file_ref idref="fl-2"/>
      </object_component>
      <object_component id="oc-3d">
         <name>.debug_info</name>
         <load_address>0x15a</load_address>
         <run_address>0x15a</run_address>
         <size>0x84</size>
         <input_file_ref idref="fl-2"/>
      </object_component>
      <object_component id="oc-78">
         <name>.debug_info</name>
         <load_address>0x1de</load_address>
         <run_address>0x1de</run_address>
         <size>0x18b</size>
         <input_file_ref idref="fl-2"/>
      </object_component>
      <object_component id="oc-8c">
         <name>.debug_info</name>
         <load_address>0x369</load_address>
         <run_address>0x369</run_address>
         <size>0x2c</size>
         <input_file_ref idref="fl-2"/>
      </object_component>
      <object_component id="oc-36">
         <name>.debug_info</name>
         <load_address>0x395</load_address>
         <run_address>0x395</run_address>
         <size>0x28f</size>
         <input_file_ref idref="fl-3"/>
      </object_component>
      <object_component id="oc-10">
         <name>.debug_info</name>
         <load_address>0x624</load_address>
         <run_address>0x624</run_address>
         <size>0xe0</size>
         <input_file_ref idref="fl-3"/>
      </object_component>
      <object_component id="oc-2f">
         <name>.debug_info</name>
         <load_address>0x704</load_address>
         <run_address>0x704</run_address>
         <size>0x25c</size>
         <input_file_ref idref="fl-3"/>
      </object_component>
      <object_component id="oc-14a">
         <name>.debug_info</name>
         <load_address>0x960</load_address>
         <run_address>0x960</run_address>
         <size>0xcc</size>
         <input_file_ref idref="fl-4"/>
      </object_component>
      <object_component id="oc-cb">
         <name>.debug_info</name>
         <load_address>0xa2c</load_address>
         <run_address>0xa2c</run_address>
         <size>0x43a</size>
         <input_file_ref idref="fl-4"/>
      </object_component>
      <object_component id="oc-1a7">
         <name>.debug_info</name>
         <load_address>0xe66</load_address>
         <run_address>0xe66</run_address>
         <size>0x8b</size>
         <input_file_ref idref="fl-4"/>
      </object_component>
      <object_component id="oc-18d">
         <name>.debug_info</name>
         <load_address>0xef1</load_address>
         <run_address>0xef1</run_address>
         <size>0x59f</size>
         <input_file_ref idref="fl-5"/>
      </object_component>
      <object_component id="oc-18a">
         <name>.debug_info</name>
         <load_address>0x1490</load_address>
         <run_address>0x1490</run_address>
         <size>0x12d</size>
         <input_file_ref idref="fl-5"/>
      </object_component>
      <object_component id="oc-d3">
         <name>.debug_info</name>
         <load_address>0x15bd</load_address>
         <run_address>0x15bd</run_address>
         <size>0x584</size>
         <input_file_ref idref="fl-5"/>
      </object_component>
      <object_component id="oc-1fe">
         <name>.debug_info</name>
         <load_address>0x1b41</load_address>
         <run_address>0x1b41</run_address>
         <size>0x3cc</size>
         <input_file_ref idref="fl-6"/>
      </object_component>
      <object_component id="oc-201">
         <name>.debug_info</name>
         <load_address>0x1f0d</load_address>
         <run_address>0x1f0d</run_address>
         <size>0xce</size>
         <input_file_ref idref="fl-6"/>
      </object_component>
      <object_component id="oc-204">
         <name>.debug_info</name>
         <load_address>0x1fdb</load_address>
         <run_address>0x1fdb</run_address>
         <size>0xce</size>
         <input_file_ref idref="fl-6"/>
      </object_component>
      <object_component id="oc-195">
         <name>.debug_info</name>
         <load_address>0x20a9</load_address>
         <run_address>0x20a9</run_address>
         <size>0x83f</size>
         <input_file_ref idref="fl-6"/>
      </object_component>
      <object_component id="oc-dd">
         <name>.debug_info</name>
         <load_address>0x28e8</load_address>
         <run_address>0x28e8</run_address>
         <size>0x536</size>
         <input_file_ref idref="fl-7"/>
      </object_component>
      <object_component id="oc-1b4">
         <name>.debug_info</name>
         <load_address>0x2e1e</load_address>
         <run_address>0x2e1e</run_address>
         <size>0x230</size>
         <input_file_ref idref="fl-e"/>
      </object_component>
      <object_component id="oc-20b">
         <name>.debug_info</name>
         <load_address>0x304e</load_address>
         <run_address>0x304e</run_address>
         <size>0x167</size>
         <input_file_ref idref="fl-e"/>
      </object_component>
      <object_component id="oc-20e">
         <name>.debug_info</name>
         <load_address>0x31b5</load_address>
         <run_address>0x31b5</run_address>
         <size>0x169</size>
         <input_file_ref idref="fl-e"/>
      </object_component>
      <object_component id="oc-1dc">
         <name>.debug_info</name>
         <load_address>0x331e</load_address>
         <run_address>0x331e</run_address>
         <size>0x15b</size>
         <input_file_ref idref="fl-e"/>
      </object_component>
      <object_component id="oc-117">
         <name>.debug_info</name>
         <load_address>0x3479</load_address>
         <run_address>0x3479</run_address>
         <size>0x2a3</size>
         <input_file_ref idref="fl-e"/>
      </object_component>
      <object_component id="oc-1b1">
         <name>.debug_info</name>
         <load_address>0x371c</load_address>
         <run_address>0x371c</run_address>
         <size>0x2b3</size>
         <input_file_ref idref="fl-e"/>
      </object_component>
      <object_component id="oc-123">
         <name>.debug_info</name>
         <load_address>0x39cf</load_address>
         <run_address>0x39cf</run_address>
         <size>0x316</size>
         <input_file_ref idref="fl-e"/>
      </object_component>
      <object_component id="oc-16f">
         <name>.debug_info</name>
         <load_address>0x3ce5</load_address>
         <run_address>0x3ce5</run_address>
         <size>0x27b</size>
         <input_file_ref idref="fl-e"/>
      </object_component>
      <object_component id="oc-111">
         <name>.debug_info</name>
         <load_address>0x3f60</load_address>
         <run_address>0x3f60</run_address>
         <size>0x2b7</size>
         <input_file_ref idref="fl-e"/>
      </object_component>
      <object_component id="oc-11d">
         <name>.debug_info</name>
         <load_address>0x4217</load_address>
         <run_address>0x4217</run_address>
         <size>0x285</size>
         <input_file_ref idref="fl-e"/>
      </object_component>
      <object_component id="oc-169">
         <name>.debug_info</name>
         <load_address>0x449c</load_address>
         <run_address>0x449c</run_address>
         <size>0x280</size>
         <input_file_ref idref="fl-e"/>
      </object_component>
      <object_component id="oc-1bc">
         <name>.debug_info</name>
         <load_address>0x471c</load_address>
         <run_address>0x471c</run_address>
         <size>0x27e</size>
         <input_file_ref idref="fl-e"/>
      </object_component>
      <object_component id="oc-141">
         <name>.debug_info</name>
         <load_address>0x499a</load_address>
         <run_address>0x499a</run_address>
         <size>0x27f</size>
         <input_file_ref idref="fl-e"/>
      </object_component>
      <object_component id="oc-129">
         <name>.debug_info</name>
         <load_address>0x4c19</load_address>
         <run_address>0x4c19</run_address>
         <size>0x2cf</size>
         <input_file_ref idref="fl-e"/>
      </object_component>
      <object_component id="oc-12f">
         <name>.debug_info</name>
         <load_address>0x4ee8</load_address>
         <run_address>0x4ee8</run_address>
         <size>0x28f</size>
         <input_file_ref idref="fl-e"/>
      </object_component>
      <object_component id="oc-147">
         <name>.debug_info</name>
         <load_address>0x5177</load_address>
         <run_address>0x5177</run_address>
         <size>0x28d</size>
         <input_file_ref idref="fl-e"/>
      </object_component>
      <object_component id="oc-1ca">
         <name>.debug_info</name>
         <load_address>0x5404</load_address>
         <run_address>0x5404</run_address>
         <size>0x20e</size>
         <input_file_ref idref="fl-f"/>
      </object_component>
      <object_component id="oc-1c7">
         <name>.debug_info</name>
         <load_address>0x5612</load_address>
         <run_address>0x5612</run_address>
         <size>0x210</size>
         <input_file_ref idref="fl-f"/>
      </object_component>
      <object_component id="oc-212">
         <name>.debug_info</name>
         <load_address>0x5822</load_address>
         <run_address>0x5822</run_address>
         <size>0x157</size>
         <input_file_ref idref="fl-f"/>
      </object_component>
      <object_component id="oc-1c1">
         <name>.debug_info</name>
         <load_address>0x5979</load_address>
         <run_address>0x5979</run_address>
         <size>0x2c1</size>
         <input_file_ref idref="fl-f"/>
      </object_component>
      <object_component id="oc-13b">
         <name>.debug_info</name>
         <load_address>0x5c3a</load_address>
         <run_address>0x5c3a</run_address>
         <size>0x23e</size>
         <input_file_ref idref="fl-f"/>
      </object_component>
      <object_component id="oc-135">
         <name>.debug_info</name>
         <load_address>0x5e78</load_address>
         <run_address>0x5e78</run_address>
         <size>0x268</size>
         <input_file_ref idref="fl-f"/>
      </object_component>
      <object_component id="oc-106">
         <name>.debug_info</name>
         <load_address>0x60e0</load_address>
         <run_address>0x60e0</run_address>
         <size>0x27f</size>
         <input_file_ref idref="fl-10"/>
      </object_component>
      <object_component id="oc-191">
         <name>.debug_info</name>
         <load_address>0x635f</load_address>
         <run_address>0x635f</run_address>
         <size>0x14d</size>
         <input_file_ref idref="fl-10"/>
      </object_component>
      <object_component id="oc-10b">
         <name>.debug_info</name>
         <load_address>0x64ac</load_address>
         <run_address>0x64ac</run_address>
         <size>0x27d</size>
         <input_file_ref idref="fl-10"/>
      </object_component>
      <object_component id="oc-c8">
         <name>.debug_info</name>
         <load_address>0x6729</load_address>
         <run_address>0x6729</run_address>
         <size>0x2db</size>
         <input_file_ref idref="fl-10"/>
      </object_component>
      <object_component id="oc-da">
         <name>.debug_info</name>
         <load_address>0x6a04</load_address>
         <run_address>0x6a04</run_address>
         <size>0x2b5</size>
         <input_file_ref idref="fl-10"/>
      </object_component>
      <object_component id="oc-1a2">
         <name>.debug_info</name>
         <load_address>0x6cb9</load_address>
         <run_address>0x6cb9</run_address>
         <size>0x5f</size>
         <input_file_ref idref="fl-10"/>
      </object_component>
      <object_component id="oc-1d7">
         <name>.debug_info</name>
         <load_address>0x6d18</load_address>
         <run_address>0x6d18</run_address>
         <size>0x227</size>
         <input_file_ref idref="fl-11"/>
      </object_component>
      <object_component id="oc-221">
         <name>.debug_info</name>
         <load_address>0x6f3f</load_address>
         <run_address>0x6f3f</run_address>
         <size>0x157</size>
         <input_file_ref idref="fl-11"/>
      </object_component>
      <object_component id="oc-224">
         <name>.debug_info</name>
         <load_address>0x7096</load_address>
         <run_address>0x7096</run_address>
         <size>0x169</size>
         <input_file_ref idref="fl-11"/>
      </object_component>
      <object_component id="oc-1f1">
         <name>.debug_info</name>
         <load_address>0x71ff</load_address>
         <run_address>0x71ff</run_address>
         <size>0x27e</size>
         <input_file_ref idref="fl-11"/>
      </object_component>
      <object_component id="oc-151">
         <name>.debug_info</name>
         <load_address>0x747d</load_address>
         <run_address>0x747d</run_address>
         <size>0x27f</size>
         <input_file_ref idref="fl-11"/>
      </object_component>
      <object_component id="oc-17b">
         <name>.debug_info</name>
         <load_address>0x76fc</load_address>
         <run_address>0x76fc</run_address>
         <size>0x2c3</size>
         <input_file_ref idref="fl-11"/>
      </object_component>
      <object_component id="oc-181">
         <name>.debug_info</name>
         <load_address>0x79bf</load_address>
         <run_address>0x79bf</run_address>
         <size>0x28f</size>
         <input_file_ref idref="fl-11"/>
      </object_component>
      <object_component id="oc-157">
         <name>.debug_info</name>
         <load_address>0x7c4e</load_address>
         <run_address>0x7c4e</run_address>
         <size>0x28d</size>
         <input_file_ref idref="fl-11"/>
      </object_component>
      <object_component id="oc-1ea">
         <name>.debug_info</name>
         <load_address>0x7edb</load_address>
         <run_address>0x7edb</run_address>
         <size>0x247</size>
         <input_file_ref idref="fl-11"/>
      </object_component>
      <object_component id="oc-1e1">
         <name>.debug_info</name>
         <load_address>0x8122</load_address>
         <run_address>0x8122</run_address>
         <size>0x249</size>
         <input_file_ref idref="fl-11"/>
      </object_component>
      <object_component id="oc-172">
         <name>.debug_info</name>
         <load_address>0x836b</load_address>
         <run_address>0x836b</run_address>
         <size>0x326</size>
         <input_file_ref idref="fl-11"/>
      </object_component>
      <object_component id="oc-160">
         <name>.debug_info</name>
         <load_address>0x8691</load_address>
         <run_address>0x8691</run_address>
         <size>0x253</size>
         <input_file_ref idref="fl-11"/>
      </object_component>
      <object_component id="oc-184">
         <name>.debug_info</name>
         <load_address>0x88e4</load_address>
         <run_address>0x88e4</run_address>
         <size>0x273</size>
         <input_file_ref idref="fl-11"/>
      </object_component>
      <object_component id="oc-15a">
         <name>.debug_info</name>
         <load_address>0x8b57</load_address>
         <run_address>0x8b57</run_address>
         <size>0x263</size>
         <input_file_ref idref="fl-11"/>
      </object_component>
      <object_component id="oc-1ce">
         <name>.debug_info</name>
         <load_address>0x8dba</load_address>
         <run_address>0x8dba</run_address>
         <size>0x212</size>
         <input_file_ref idref="fl-12"/>
      </object_component>
      <object_component id="oc-59">
         <name>.debug_info</name>
         <load_address>0x8fcc</load_address>
         <run_address>0x8fcc</run_address>
         <size>0x2c9</size>
         <input_file_ref idref="fl-c8"/>
      </object_component>
      <object_component id="oc-21">
         <name>.debug_info</name>
         <load_address>0x9295</load_address>
         <run_address>0x9295</run_address>
         <size>0x1aa</size>
         <input_file_ref idref="fl-c8"/>
      </object_component>
      <object_component id="oc-54">
         <name>.debug_info</name>
         <load_address>0x943f</load_address>
         <run_address>0x943f</run_address>
         <size>0x46</size>
         <input_file_ref idref="fl-c8"/>
      </object_component>
      <object_component id="oc-4d">
         <name>.debug_info</name>
         <load_address>0x9485</load_address>
         <run_address>0x9485</run_address>
         <size>0x2e4</size>
         <input_file_ref idref="fl-c9"/>
      </object_component>
      <object_component id="oc-19">
         <name>.debug_info</name>
         <load_address>0x9769</load_address>
         <run_address>0x9769</run_address>
         <size>0x1df</size>
         <input_file_ref idref="fl-c9"/>
      </object_component>
      <object_component id="oc-48">
         <name>.debug_info</name>
         <load_address>0x9948</load_address>
         <run_address>0x9948</run_address>
         <size>0x46</size>
         <input_file_ref idref="fl-c9"/>
      </object_component>
      <object_component id="oc-84">
         <name>.debug_info</name>
         <load_address>0x998e</load_address>
         <run_address>0x998e</run_address>
         <size>0x2c</size>
         <input_file_ref idref="fl-c9"/>
      </object_component>
      <object_component id="oc-82">
         <name>.debug_info</name>
         <load_address>0x99ba</load_address>
         <run_address>0x99ba</run_address>
         <size>0x293</size>
         <input_file_ref idref="fl-ca"/>
      </object_component>
      <object_component id="oc-13">
         <name>.debug_info</name>
         <load_address>0x9c4d</load_address>
         <run_address>0x9c4d</run_address>
         <size>0x245</size>
         <input_file_ref idref="fl-ca"/>
      </object_component>
      <object_component id="oc-38">
         <name>.debug_info</name>
         <load_address>0x9e92</load_address>
         <run_address>0x9e92</run_address>
         <size>0x60</size>
         <input_file_ref idref="fl-ca"/>
      </object_component>
      <object_component id="oc-7d">
         <name>.debug_info</name>
         <load_address>0x9ef2</load_address>
         <run_address>0x9ef2</run_address>
         <size>0x46</size>
         <input_file_ref idref="fl-ca"/>
      </object_component>
      <object_component id="oc-2c">
         <name>.debug_info</name>
         <load_address>0x9f38</load_address>
         <run_address>0x9f38</run_address>
         <size>0x100</size>
         <input_file_ref idref="fl-cb"/>
      </object_component>
      <object_component id="oc-28">
         <name>.debug_info</name>
         <load_address>0xa038</load_address>
         <run_address>0xa038</run_address>
         <size>0x196</size>
         <input_file_ref idref="fl-cb"/>
      </object_component>
      <object_component id="oc-4f">
         <name>.debug_info</name>
         <load_address>0xa1ce</load_address>
         <run_address>0xa1ce</run_address>
         <size>0x13f</size>
         <input_file_ref idref="fl-cc"/>
      </object_component>
      <object_component id="oc-43">
         <name>.debug_info</name>
         <load_address>0xa30d</load_address>
         <run_address>0xa30d</run_address>
         <size>0x111</size>
         <input_file_ref idref="fl-cd"/>
      </object_component>
      <object_component id="oc-a1">
         <name>.debug_info</name>
         <load_address>0xa41e</load_address>
         <run_address>0xa41e</run_address>
         <size>0x483</size>
         <input_file_ref idref="fl-ce"/>
      </object_component>
      <object_component id="oc-61">
         <name>.debug_info</name>
         <load_address>0xa8a1</load_address>
         <run_address>0xa8a1</run_address>
         <size>0x190</size>
         <input_file_ref idref="fl-ce"/>
      </object_component>
      <object_component id="oc-ba">
         <name>.debug_info</name>
         <load_address>0xaa31</load_address>
         <run_address>0xaa31</run_address>
         <size>0x39</size>
         <input_file_ref idref="fl-ce"/>
      </object_component>
      <object_component id="oc-ff">
         <name>.debug_info</name>
         <load_address>0xaa6a</load_address>
         <run_address>0xaa6a</run_address>
         <size>0x39</size>
         <input_file_ref idref="fl-ce"/>
      </object_component>
      <object_component id="oc-bf">
         <name>.debug_info</name>
         <load_address>0xaaa3</load_address>
         <run_address>0xaaa3</run_address>
         <size>0xcd</size>
         <input_file_ref idref="fl-ce"/>
      </object_component>
      <object_component id="oc-5b">
         <name>.debug_info</name>
         <load_address>0xab70</load_address>
         <run_address>0xab70</run_address>
         <size>0x148</size>
         <input_file_ref idref="fl-cf"/>
      </object_component>
      <object_component id="oc-9b">
         <name>.debug_info</name>
         <load_address>0xacb8</load_address>
         <run_address>0xacb8</run_address>
         <size>0x145</size>
         <input_file_ref idref="fl-d0"/>
      </object_component>
      <object_component id="oc-b6">
         <name>.debug_info</name>
         <load_address>0xadfd</load_address>
         <run_address>0xadfd</run_address>
         <size>0x384</size>
         <input_file_ref idref="fl-d1"/>
      </object_component>
      <object_component id="oc-97">
         <name>.debug_info</name>
         <load_address>0xb181</load_address>
         <run_address>0xb181</run_address>
         <size>0x183</size>
         <input_file_ref idref="fl-d1"/>
      </object_component>
      <object_component id="oc-fa">
         <name>.debug_info</name>
         <load_address>0xb304</load_address>
         <run_address>0xb304</run_address>
         <size>0x2c</size>
         <input_file_ref idref="fl-d1"/>
      </object_component>
      <object_component id="oc-b1">
         <name>.debug_info</name>
         <load_address>0xb330</load_address>
         <run_address>0xb330</run_address>
         <size>0x3ce</size>
         <input_file_ref idref="fl-d2"/>
      </object_component>
      <object_component id="oc-ab">
         <name>.debug_info</name>
         <load_address>0xb6fe</load_address>
         <run_address>0xb6fe</run_address>
         <size>0x185</size>
         <input_file_ref idref="fl-d2"/>
      </object_component>
      <object_component id="oc-6e">
         <name>.debug_info</name>
         <load_address>0xb883</load_address>
         <run_address>0xb883</run_address>
         <size>0x214</size>
         <input_file_ref idref="fl-d2"/>
      </object_component>
      <object_component id="oc-f4">
         <name>.debug_info</name>
         <load_address>0xba97</load_address>
         <run_address>0xba97</run_address>
         <size>0x2be</size>
         <input_file_ref idref="fl-d3"/>
      </object_component>
      <object_component id="oc-ae">
         <name>.debug_info</name>
         <load_address>0xbd55</load_address>
         <run_address>0xbd55</run_address>
         <size>0x113</size>
         <input_file_ref idref="fl-d3"/>
      </object_component>
      <object_component id="oc-ed">
         <name>.debug_info</name>
         <load_address>0xbe68</load_address>
         <run_address>0xbe68</run_address>
         <size>0x21f</size>
         <input_file_ref idref="fl-d3"/>
      </object_component>
      <object_component id="oc-a9">
         <name>.debug_info</name>
         <load_address>0xc087</load_address>
         <run_address>0xc087</run_address>
         <size>0x300</size>
         <input_file_ref idref="fl-d4"/>
      </object_component>
      <object_component id="oc-67">
         <name>.debug_info</name>
         <load_address>0xc387</load_address>
         <run_address>0xc387</run_address>
         <size>0x167</size>
         <input_file_ref idref="fl-d4"/>
      </object_component>
      <object_component id="oc-e5">
         <name>.debug_info</name>
         <load_address>0xc4ee</load_address>
         <run_address>0xc4ee</run_address>
         <size>0x5e</size>
         <input_file_ref idref="fl-d4"/>
      </object_component>
      <object_component id="oc-25c">
         <name>.debug_info</name>
         <load_address>0xc54c</load_address>
         <run_address>0xc54c</run_address>
         <size>0x96</size>
      </object_component>
      <object_component id="oc-a6">
         <name>.debug_line</name>
         <load_address>0x0</load_address>
         <run_address>0x0</run_address>
         <size>0x57</size>
         <input_file_ref idref="fl-2"/>
      </object_component>
      <object_component id="oc-40">
         <name>.debug_line</name>
         <load_address>0x57</load_address>
         <run_address>0x57</run_address>
         <size>0x20</size>
         <input_file_ref idref="fl-2"/>
      </object_component>
      <object_component id="oc-7b">
         <name>.debug_line</name>
         <load_address>0x77</load_address>
         <run_address>0x77</run_address>
         <size>0x65</size>
         <input_file_ref idref="fl-2"/>
      </object_component>
      <object_component id="oc-8f">
         <name>.debug_line</name>
         <load_address>0xdc</load_address>
         <run_address>0xdc</run_address>
         <size>0x65</size>
         <input_file_ref idref="fl-2"/>
      </object_component>
      <object_component id="oc-77">
         <name>.debug_line</name>
         <load_address>0x141</load_address>
         <run_address>0x141</run_address>
         <size>0x41</size>
         <input_file_ref idref="fl-3"/>
      </object_component>
      <object_component id="oc-35">
         <name>.debug_line</name>
         <load_address>0x182</load_address>
         <run_address>0x182</run_address>
         <size>0x41</size>
         <input_file_ref idref="fl-3"/>
      </object_component>
      <object_component id="oc-32">
         <name>.debug_line</name>
         <load_address>0x1c3</load_address>
         <run_address>0x1c3</run_address>
         <size>0xa1</size>
         <input_file_ref idref="fl-3"/>
      </object_component>
      <object_component id="oc-1d5">
         <name>.debug_line</name>
         <load_address>0x264</load_address>
         <run_address>0x264</run_address>
         <size>0x32</size>
         <input_file_ref idref="fl-4"/>
      </object_component>
      <object_component id="oc-ce">
         <name>.debug_line</name>
         <load_address>0x296</load_address>
         <run_address>0x296</run_address>
         <size>0xb7</size>
         <input_file_ref idref="fl-4"/>
      </object_component>
      <object_component id="oc-1aa">
         <name>.debug_line</name>
         <load_address>0x34d</load_address>
         <run_address>0x34d</run_address>
         <size>0x20</size>
         <input_file_ref idref="fl-4"/>
      </object_component>
      <object_component id="oc-1f9">
         <name>.debug_line</name>
         <load_address>0x36d</load_address>
         <run_address>0x36d</run_address>
         <size>0x111</size>
         <input_file_ref idref="fl-5"/>
      </object_component>
      <object_component id="oc-1f7">
         <name>.debug_line</name>
         <load_address>0x47e</load_address>
         <run_address>0x47e</run_address>
         <size>0x32</size>
         <input_file_ref idref="fl-5"/>
      </object_component>
      <object_component id="oc-d2">
         <name>.debug_line</name>
         <load_address>0x4b0</load_address>
         <run_address>0x4b0</run_address>
         <size>0x111</size>
         <input_file_ref idref="fl-5"/>
      </object_component>
      <object_component id="oc-228">
         <name>.debug_line</name>
         <load_address>0x5c1</load_address>
         <run_address>0x5c1</run_address>
         <size>0xa8</size>
         <input_file_ref idref="fl-6"/>
      </object_component>
      <object_component id="oc-22a">
         <name>.debug_line</name>
         <load_address>0x669</load_address>
         <run_address>0x669</run_address>
         <size>0x3a</size>
         <input_file_ref idref="fl-6"/>
      </object_component>
      <object_component id="oc-22c">
         <name>.debug_line</name>
         <load_address>0x6a3</load_address>
         <run_address>0x6a3</run_address>
         <size>0x3a</size>
         <input_file_ref idref="fl-6"/>
      </object_component>
      <object_component id="oc-198">
         <name>.debug_line</name>
         <load_address>0x6dd</load_address>
         <run_address>0x6dd</run_address>
         <size>0x19c</size>
         <input_file_ref idref="fl-6"/>
      </object_component>
      <object_component id="oc-e0">
         <name>.debug_line</name>
         <load_address>0x879</load_address>
         <run_address>0x879</run_address>
         <size>0x130</size>
         <input_file_ref idref="fl-7"/>
      </object_component>
      <object_component id="oc-209">
         <name>.debug_line</name>
         <load_address>0x9a9</load_address>
         <run_address>0x9a9</run_address>
         <size>0x82</size>
         <input_file_ref idref="fl-e"/>
      </object_component>
      <object_component id="oc-22e">
         <name>.debug_line</name>
         <load_address>0xa2b</load_address>
         <run_address>0xa2b</run_address>
         <size>0x7d</size>
         <input_file_ref idref="fl-e"/>
      </object_component>
      <object_component id="oc-230">
         <name>.debug_line</name>
         <load_address>0xaa8</load_address>
         <run_address>0xaa8</run_address>
         <size>0x7d</size>
         <input_file_ref idref="fl-e"/>
      </object_component>
      <object_component id="oc-21d">
         <name>.debug_line</name>
         <load_address>0xb25</load_address>
         <run_address>0xb25</run_address>
         <size>0x7d</size>
         <input_file_ref idref="fl-e"/>
      </object_component>
      <object_component id="oc-114">
         <name>.debug_line</name>
         <load_address>0xba2</load_address>
         <run_address>0xba2</run_address>
         <size>0x92</size>
         <input_file_ref idref="fl-e"/>
      </object_component>
      <object_component id="oc-1ae">
         <name>.debug_line</name>
         <load_address>0xc34</load_address>
         <run_address>0xc34</run_address>
         <size>0x95</size>
         <input_file_ref idref="fl-e"/>
      </object_component>
      <object_component id="oc-120">
         <name>.debug_line</name>
         <load_address>0xcc9</load_address>
         <run_address>0xcc9</run_address>
         <size>0xd1</size>
         <input_file_ref idref="fl-e"/>
      </object_component>
      <object_component id="oc-16c">
         <name>.debug_line</name>
         <load_address>0xd9a</load_address>
         <run_address>0xd9a</run_address>
         <size>0x93</size>
         <input_file_ref idref="fl-e"/>
      </object_component>
      <object_component id="oc-10e">
         <name>.debug_line</name>
         <load_address>0xe2d</load_address>
         <run_address>0xe2d</run_address>
         <size>0x99</size>
         <input_file_ref idref="fl-e"/>
      </object_component>
      <object_component id="oc-11a">
         <name>.debug_line</name>
         <load_address>0xec6</load_address>
         <run_address>0xec6</run_address>
         <size>0x93</size>
         <input_file_ref idref="fl-e"/>
      </object_component>
      <object_component id="oc-166">
         <name>.debug_line</name>
         <load_address>0xf59</load_address>
         <run_address>0xf59</run_address>
         <size>0xa7</size>
         <input_file_ref idref="fl-e"/>
      </object_component>
      <object_component id="oc-1b9">
         <name>.debug_line</name>
         <load_address>0x1000</load_address>
         <run_address>0x1000</run_address>
         <size>0xa9</size>
         <input_file_ref idref="fl-e"/>
      </object_component>
      <object_component id="oc-13e">
         <name>.debug_line</name>
         <load_address>0x10a9</load_address>
         <run_address>0x10a9</run_address>
         <size>0x92</size>
         <input_file_ref idref="fl-e"/>
      </object_component>
      <object_component id="oc-126">
         <name>.debug_line</name>
         <load_address>0x113b</load_address>
         <run_address>0x113b</run_address>
         <size>0x99</size>
         <input_file_ref idref="fl-e"/>
      </object_component>
      <object_component id="oc-12c">
         <name>.debug_line</name>
         <load_address>0x11d4</load_address>
         <run_address>0x11d4</run_address>
         <size>0x92</size>
         <input_file_ref idref="fl-e"/>
      </object_component>
      <object_component id="oc-144">
         <name>.debug_line</name>
         <load_address>0x1266</load_address>
         <run_address>0x1266</run_address>
         <size>0x92</size>
         <input_file_ref idref="fl-e"/>
      </object_component>
      <object_component id="oc-218">
         <name>.debug_line</name>
         <load_address>0x12f8</load_address>
         <run_address>0x12f8</run_address>
         <size>0x7c</size>
         <input_file_ref idref="fl-f"/>
      </object_component>
      <object_component id="oc-216">
         <name>.debug_line</name>
         <load_address>0x1374</load_address>
         <run_address>0x1374</run_address>
         <size>0x82</size>
         <input_file_ref idref="fl-f"/>
      </object_component>
      <object_component id="oc-232">
         <name>.debug_line</name>
         <load_address>0x13f6</load_address>
         <run_address>0x13f6</run_address>
         <size>0x82</size>
         <input_file_ref idref="fl-f"/>
      </object_component>
      <object_component id="oc-1c3">
         <name>.debug_line</name>
         <load_address>0x1478</load_address>
         <run_address>0x1478</run_address>
         <size>0xaf</size>
         <input_file_ref idref="fl-f"/>
      </object_component>
      <object_component id="oc-139">
         <name>.debug_line</name>
         <load_address>0x1527</load_address>
         <run_address>0x1527</run_address>
         <size>0x97</size>
         <input_file_ref idref="fl-f"/>
      </object_component>
      <object_component id="oc-134">
         <name>.debug_line</name>
         <load_address>0x15be</load_address>
         <run_address>0x15be</run_address>
         <size>0xc2</size>
         <input_file_ref idref="fl-f"/>
      </object_component>
      <object_component id="oc-1a1">
         <name>.debug_line</name>
         <load_address>0x1680</load_address>
         <run_address>0x1680</run_address>
         <size>0x13d</size>
         <input_file_ref idref="fl-10"/>
      </object_component>
      <object_component id="oc-1fb">
         <name>.debug_line</name>
         <load_address>0x17bd</load_address>
         <run_address>0x17bd</run_address>
         <size>0x7f</size>
         <input_file_ref idref="fl-10"/>
      </object_component>
      <object_component id="oc-10a">
         <name>.debug_line</name>
         <load_address>0x183c</load_address>
         <run_address>0x183c</run_address>
         <size>0x94</size>
         <input_file_ref idref="fl-10"/>
      </object_component>
      <object_component id="oc-c7">
         <name>.debug_line</name>
         <load_address>0x18d0</load_address>
         <run_address>0x18d0</run_address>
         <size>0xee</size>
         <input_file_ref idref="fl-10"/>
      </object_component>
      <object_component id="oc-d9">
         <name>.debug_line</name>
         <load_address>0x19be</load_address>
         <run_address>0x19be</run_address>
         <size>0x11a</size>
         <input_file_ref idref="fl-10"/>
      </object_component>
      <object_component id="oc-1a5">
         <name>.debug_line</name>
         <load_address>0x1ad8</load_address>
         <run_address>0x1ad8</run_address>
         <size>0x7f</size>
         <input_file_ref idref="fl-10"/>
      </object_component>
      <object_component id="oc-21b">
         <name>.debug_line</name>
         <load_address>0x1b57</load_address>
         <run_address>0x1b57</run_address>
         <size>0x82</size>
         <input_file_ref idref="fl-11"/>
      </object_component>
      <object_component id="oc-234">
         <name>.debug_line</name>
         <load_address>0x1bd9</load_address>
         <run_address>0x1bd9</run_address>
         <size>0x7d</size>
         <input_file_ref idref="fl-11"/>
      </object_component>
      <object_component id="oc-236">
         <name>.debug_line</name>
         <load_address>0x1c56</load_address>
         <run_address>0x1c56</run_address>
         <size>0x7d</size>
         <input_file_ref idref="fl-11"/>
      </object_component>
      <object_component id="oc-1ef">
         <name>.debug_line</name>
         <load_address>0x1cd3</load_address>
         <run_address>0x1cd3</run_address>
         <size>0xa5</size>
         <input_file_ref idref="fl-11"/>
      </object_component>
      <object_component id="oc-14f">
         <name>.debug_line</name>
         <load_address>0x1d78</load_address>
         <run_address>0x1d78</run_address>
         <size>0x92</size>
         <input_file_ref idref="fl-11"/>
      </object_component>
      <object_component id="oc-179">
         <name>.debug_line</name>
         <load_address>0x1e0a</load_address>
         <run_address>0x1e0a</run_address>
         <size>0x99</size>
         <input_file_ref idref="fl-11"/>
      </object_component>
      <object_component id="oc-17f">
         <name>.debug_line</name>
         <load_address>0x1ea3</load_address>
         <run_address>0x1ea3</run_address>
         <size>0x92</size>
         <input_file_ref idref="fl-11"/>
      </object_component>
      <object_component id="oc-155">
         <name>.debug_line</name>
         <load_address>0x1f35</load_address>
         <run_address>0x1f35</run_address>
         <size>0x92</size>
         <input_file_ref idref="fl-11"/>
      </object_component>
      <object_component id="oc-1e8">
         <name>.debug_line</name>
         <load_address>0x1fc7</load_address>
         <run_address>0x1fc7</run_address>
         <size>0x93</size>
         <input_file_ref idref="fl-11"/>
      </object_component>
      <object_component id="oc-1e4">
         <name>.debug_line</name>
         <load_address>0x205a</load_address>
         <run_address>0x205a</run_address>
         <size>0x96</size>
         <input_file_ref idref="fl-11"/>
      </object_component>
      <object_component id="oc-175">
         <name>.debug_line</name>
         <load_address>0x20f0</load_address>
         <run_address>0x20f0</run_address>
         <size>0xb3</size>
         <input_file_ref idref="fl-11"/>
      </object_component>
      <object_component id="oc-163">
         <name>.debug_line</name>
         <load_address>0x21a3</load_address>
         <run_address>0x21a3</run_address>
         <size>0x92</size>
         <input_file_ref idref="fl-11"/>
      </object_component>
      <object_component id="oc-187">
         <name>.debug_line</name>
         <load_address>0x2235</load_address>
         <run_address>0x2235</run_address>
         <size>0x93</size>
         <input_file_ref idref="fl-11"/>
      </object_component>
      <object_component id="oc-15d">
         <name>.debug_line</name>
         <load_address>0x22c8</load_address>
         <run_address>0x22c8</run_address>
         <size>0x92</size>
         <input_file_ref idref="fl-11"/>
      </object_component>
      <object_component id="oc-1cd">
         <name>.debug_line</name>
         <load_address>0x235a</load_address>
         <run_address>0x235a</run_address>
         <size>0x91</size>
         <input_file_ref idref="fl-12"/>
      </object_component>
      <object_component id="oc-92">
         <name>.debug_line</name>
         <load_address>0x23eb</load_address>
         <run_address>0x23eb</run_address>
         <size>0x8a</size>
         <input_file_ref idref="fl-c8"/>
      </object_component>
      <object_component id="oc-1f">
         <name>.debug_line</name>
         <load_address>0x2475</load_address>
         <run_address>0x2475</run_address>
         <size>0x4f</size>
         <input_file_ref idref="fl-c8"/>
      </object_component>
      <object_component id="oc-57">
         <name>.debug_line</name>
         <load_address>0x24c4</load_address>
         <run_address>0x24c4</run_address>
         <size>0x34</size>
         <input_file_ref idref="fl-c8"/>
      </object_component>
      <object_component id="oc-8a">
         <name>.debug_line</name>
         <load_address>0x24f8</load_address>
         <run_address>0x24f8</run_address>
         <size>0x8a</size>
         <input_file_ref idref="fl-c9"/>
      </object_component>
      <object_component id="oc-1c">
         <name>.debug_line</name>
         <load_address>0x2582</load_address>
         <run_address>0x2582</run_address>
         <size>0x55</size>
         <input_file_ref idref="fl-c9"/>
      </object_component>
      <object_component id="oc-4b">
         <name>.debug_line</name>
         <load_address>0x25d7</load_address>
         <run_address>0x25d7</run_address>
         <size>0x3a</size>
         <input_file_ref idref="fl-c9"/>
      </object_component>
      <object_component id="oc-87">
         <name>.debug_line</name>
         <load_address>0x2611</load_address>
         <run_address>0x2611</run_address>
         <size>0x8a</size>
         <input_file_ref idref="fl-c9"/>
      </object_component>
      <object_component id="oc-b4">
         <name>.debug_line</name>
         <load_address>0x269b</load_address>
         <run_address>0x269b</run_address>
         <size>0x20</size>
         <input_file_ref idref="fl-ca"/>
      </object_component>
      <object_component id="oc-16">
         <name>.debug_line</name>
         <load_address>0x26bb</load_address>
         <run_address>0x26bb</run_address>
         <size>0xa9</size>
         <input_file_ref idref="fl-ca"/>
      </object_component>
      <object_component id="oc-3b">
         <name>.debug_line</name>
         <load_address>0x2764</load_address>
         <run_address>0x2764</run_address>
         <size>0x3a</size>
         <input_file_ref idref="fl-ca"/>
      </object_component>
      <object_component id="oc-80">
         <name>.debug_line</name>
         <load_address>0x279e</load_address>
         <run_address>0x279e</run_address>
         <size>0x8a</size>
         <input_file_ref idref="fl-ca"/>
      </object_component>
      <object_component id="oc-74">
         <name>.debug_line</name>
         <load_address>0x2828</load_address>
         <run_address>0x2828</run_address>
         <size>0x33</size>
         <input_file_ref idref="fl-cb"/>
      </object_component>
      <object_component id="oc-25">
         <name>.debug_line</name>
         <load_address>0x285b</load_address>
         <run_address>0x285b</run_address>
         <size>0x51</size>
         <input_file_ref idref="fl-cb"/>
      </object_component>
      <object_component id="oc-52">
         <name>.debug_line</name>
         <load_address>0x28ac</load_address>
         <run_address>0x28ac</run_address>
         <size>0x79</size>
         <input_file_ref idref="fl-cc"/>
      </object_component>
      <object_component id="oc-46">
         <name>.debug_line</name>
         <load_address>0x2925</load_address>
         <run_address>0x2925</run_address>
         <size>0x88</size>
         <input_file_ref idref="fl-cd"/>
      </object_component>
      <object_component id="oc-b9">
         <name>.debug_line</name>
         <load_address>0x29ad</load_address>
         <run_address>0x29ad</run_address>
         <size>0xa9</size>
         <input_file_ref idref="fl-ce"/>
      </object_component>
      <object_component id="oc-64">
         <name>.debug_line</name>
         <load_address>0x2a56</load_address>
         <run_address>0x2a56</run_address>
         <size>0x8b</size>
         <input_file_ref idref="fl-ce"/>
      </object_component>
      <object_component id="oc-bd">
         <name>.debug_line</name>
         <load_address>0x2ae1</load_address>
         <run_address>0x2ae1</run_address>
         <size>0x2e</size>
         <input_file_ref idref="fl-ce"/>
      </object_component>
      <object_component id="oc-102">
         <name>.debug_line</name>
         <load_address>0x2b0f</load_address>
         <run_address>0x2b0f</run_address>
         <size>0x8a</size>
         <input_file_ref idref="fl-ce"/>
      </object_component>
      <object_component id="oc-c2">
         <name>.debug_line</name>
         <load_address>0x2b99</load_address>
         <run_address>0x2b99</run_address>
         <size>0x8b</size>
         <input_file_ref idref="fl-ce"/>
      </object_component>
      <object_component id="oc-5f">
         <name>.debug_line</name>
         <load_address>0x2c24</load_address>
         <run_address>0x2c24</run_address>
         <size>0x40</size>
         <input_file_ref idref="fl-cf"/>
      </object_component>
      <object_component id="oc-9f">
         <name>.debug_line</name>
         <load_address>0x2c64</load_address>
         <run_address>0x2c64</run_address>
         <size>0x3c</size>
         <input_file_ref idref="fl-d0"/>
      </object_component>
      <object_component id="oc-f9">
         <name>.debug_line</name>
         <load_address>0x2ca0</load_address>
         <run_address>0x2ca0</run_address>
         <size>0x98</size>
         <input_file_ref idref="fl-d1"/>
      </object_component>
      <object_component id="oc-99">
         <name>.debug_line</name>
         <load_address>0x2d38</load_address>
         <run_address>0x2d38</run_address>
         <size>0x68</size>
         <input_file_ref idref="fl-d1"/>
      </object_component>
      <object_component id="oc-fd">
         <name>.debug_line</name>
         <load_address>0x2da0</load_address>
         <run_address>0x2da0</run_address>
         <size>0x2e</size>
         <input_file_ref idref="fl-d1"/>
      </object_component>
      <object_component id="oc-f7">
         <name>.debug_line</name>
         <load_address>0x2dce</load_address>
         <run_address>0x2dce</run_address>
         <size>0xf2</size>
         <input_file_ref idref="fl-d2"/>
      </object_component>
      <object_component id="oc-eb">
         <name>.debug_line</name>
         <load_address>0x2ec0</load_address>
         <run_address>0x2ec0</run_address>
         <size>0x2a</size>
         <input_file_ref idref="fl-d2"/>
      </object_component>
      <object_component id="oc-71">
         <name>.debug_line</name>
         <load_address>0x2eea</load_address>
         <run_address>0x2eea</run_address>
         <size>0x86</size>
         <input_file_ref idref="fl-d2"/>
      </object_component>
      <object_component id="oc-19f">
         <name>.debug_line</name>
         <load_address>0x2f70</load_address>
         <run_address>0x2f70</run_address>
         <size>0x20</size>
         <input_file_ref idref="fl-d3"/>
      </object_component>
      <object_component id="oc-f3">
         <name>.debug_line</name>
         <load_address>0x2f90</load_address>
         <run_address>0x2f90</run_address>
         <size>0x2b</size>
         <input_file_ref idref="fl-d3"/>
      </object_component>
      <object_component id="oc-f1">
         <name>.debug_line</name>
         <load_address>0x2fbb</load_address>
         <run_address>0x2fbb</run_address>
         <size>0x68</size>
         <input_file_ref idref="fl-d3"/>
      </object_component>
      <object_component id="oc-e4">
         <name>.debug_line</name>
         <load_address>0x3023</load_address>
         <run_address>0x3023</run_address>
         <size>0x2b</size>
         <input_file_ref idref="fl-d4"/>
      </object_component>
      <object_component id="oc-6b">
         <name>.debug_line</name>
         <load_address>0x304e</load_address>
         <run_address>0x304e</run_address>
         <size>0x4a</size>
         <input_file_ref idref="fl-d4"/>
      </object_component>
      <object_component id="oc-e8">
         <name>.debug_line</name>
         <load_address>0x3098</load_address>
         <run_address>0x3098</run_address>
         <size>0x2b</size>
         <input_file_ref idref="fl-d4"/>
      </object_component>
      <object_component id="oc-a7">
         <name>.debug_frame</name>
         <load_address>0x0</load_address>
         <run_address>0x0</run_address>
         <size>0x5c</size>
         <input_file_ref idref="fl-2"/>
      </object_component>
      <object_component id="oc-33">
         <name>.debug_frame</name>
         <load_address>0x5c</load_address>
         <run_address>0x5c</run_address>
         <size>0x84</size>
         <input_file_ref idref="fl-3"/>
      </object_component>
      <object_component id="oc-cf">
         <name>.debug_frame</name>
         <load_address>0xe0</load_address>
         <run_address>0xe0</run_address>
         <size>0xa0</size>
         <input_file_ref idref="fl-4"/>
      </object_component>
      <object_component id="oc-d1">
         <name>.debug_frame</name>
         <load_address>0x180</load_address>
         <run_address>0x180</run_address>
         <size>0xd5</size>
         <input_file_ref idref="fl-5"/>
      </object_component>
      <object_component id="oc-199">
         <name>.debug_frame</name>
         <load_address>0x255</load_address>
         <run_address>0x255</run_address>
         <size>0x141</size>
         <input_file_ref idref="fl-6"/>
      </object_component>
      <object_component id="oc-e1">
         <name>.debug_frame</name>
         <load_address>0x396</load_address>
         <run_address>0x396</run_address>
         <size>0x7a</size>
         <input_file_ref idref="fl-7"/>
      </object_component>
      <object_component id="oc-115">
         <name>.debug_frame</name>
         <load_address>0x410</load_address>
         <run_address>0x410</run_address>
         <size>0x7f</size>
         <input_file_ref idref="fl-e"/>
      </object_component>
      <object_component id="oc-1af">
         <name>.debug_frame</name>
         <load_address>0x48f</load_address>
         <run_address>0x48f</run_address>
         <size>0x7f</size>
         <input_file_ref idref="fl-e"/>
      </object_component>
      <object_component id="oc-121">
         <name>.debug_frame</name>
         <load_address>0x50e</load_address>
         <run_address>0x50e</run_address>
         <size>0x8f</size>
         <input_file_ref idref="fl-e"/>
      </object_component>
      <object_component id="oc-16d">
         <name>.debug_frame</name>
         <load_address>0x59d</load_address>
         <run_address>0x59d</run_address>
         <size>0x86</size>
         <input_file_ref idref="fl-e"/>
      </object_component>
      <object_component id="oc-10f">
         <name>.debug_frame</name>
         <load_address>0x623</load_address>
         <run_address>0x623</run_address>
         <size>0x8a</size>
         <input_file_ref idref="fl-e"/>
      </object_component>
      <object_component id="oc-11b">
         <name>.debug_frame</name>
         <load_address>0x6ad</load_address>
         <run_address>0x6ad</run_address>
         <size>0x86</size>
         <input_file_ref idref="fl-e"/>
      </object_component>
      <object_component id="oc-167">
         <name>.debug_frame</name>
         <load_address>0x733</load_address>
         <run_address>0x733</run_address>
         <size>0x86</size>
         <input_file_ref idref="fl-e"/>
      </object_component>
      <object_component id="oc-1ba">
         <name>.debug_frame</name>
         <load_address>0x7b9</load_address>
         <run_address>0x7b9</run_address>
         <size>0x7f</size>
         <input_file_ref idref="fl-e"/>
      </object_component>
      <object_component id="oc-13f">
         <name>.debug_frame</name>
         <load_address>0x838</load_address>
         <run_address>0x838</run_address>
         <size>0x7f</size>
         <input_file_ref idref="fl-e"/>
      </object_component>
      <object_component id="oc-127">
         <name>.debug_frame</name>
         <load_address>0x8b7</load_address>
         <run_address>0x8b7</run_address>
         <size>0x8a</size>
         <input_file_ref idref="fl-e"/>
      </object_component>
      <object_component id="oc-12d">
         <name>.debug_frame</name>
         <load_address>0x941</load_address>
         <run_address>0x941</run_address>
         <size>0x7f</size>
         <input_file_ref idref="fl-e"/>
      </object_component>
      <object_component id="oc-145">
         <name>.debug_frame</name>
         <load_address>0x9c0</load_address>
         <run_address>0x9c0</run_address>
         <size>0x7f</size>
         <input_file_ref idref="fl-e"/>
      </object_component>
      <object_component id="oc-1c0">
         <name>.debug_frame</name>
         <load_address>0xa3f</load_address>
         <run_address>0xa3f</run_address>
         <size>0x8e</size>
         <input_file_ref idref="fl-f"/>
      </object_component>
      <object_component id="oc-13a">
         <name>.debug_frame</name>
         <load_address>0xacd</load_address>
         <run_address>0xacd</run_address>
         <size>0x86</size>
         <input_file_ref idref="fl-f"/>
      </object_component>
      <object_component id="oc-133">
         <name>.debug_frame</name>
         <load_address>0xb53</load_address>
         <run_address>0xb53</run_address>
         <size>0x7f</size>
         <input_file_ref idref="fl-f"/>
      </object_component>
      <object_component id="oc-109">
         <name>.debug_frame</name>
         <load_address>0xbd2</load_address>
         <run_address>0xbd2</run_address>
         <size>0x7f</size>
         <input_file_ref idref="fl-10"/>
      </object_component>
      <object_component id="oc-c5">
         <name>.debug_frame</name>
         <load_address>0xc51</load_address>
         <run_address>0xc51</run_address>
         <size>0x93</size>
         <input_file_ref idref="fl-10"/>
      </object_component>
      <object_component id="oc-d7">
         <name>.debug_frame</name>
         <load_address>0xce4</load_address>
         <run_address>0xce4</run_address>
         <size>0x8e</size>
         <input_file_ref idref="fl-10"/>
      </object_component>
      <object_component id="oc-1f0">
         <name>.debug_frame</name>
         <load_address>0xd72</load_address>
         <run_address>0xd72</run_address>
         <size>0x7f</size>
         <input_file_ref idref="fl-11"/>
      </object_component>
[...]
               <size>0x26c</size>
               <logical_group_ref idref="lg-3"/>
            </allocated_space>
            <allocated_space>
               <start_address>0x26c</start_address>
               <size>0x10ae</size>
               <logical_group_ref idref="lg-4"/>
            </allocated_space>
            <available_space>
               <start_address>0x131a</start_address>
               <size>0x2</size>
            </available_space>
            <allocated_space>
               <start_address>0x131c</start_address>
               <size>0x394</size>
               <logical_group_ref idref="lg-5"/>
            </allocated_space>
            <allocated_space>
               <start_address>0x16b0</start_address>
               <size>0x50</size>
               <logical_group_ref idref="lg-6"/>
            </allocated_space>
            <available_space>
               <start_address>0x1700</start_address>
               <size>0x3e900</size>
            </available_space>
         </usage_details>
      </memory_area>
      <memory_area display="yes" color="green">
         <name>SRAM</name>
         <page_id>0x0</page_id>
         <origin>0x20000000</origin>
         <length>0x8000</length>
         <used_space>0x6d8</used_space>
         <unused_space>0x7928</unused_space>
         <attributes>RWX</attributes>
         <usage_details>
            <allocated_space>
               <start_address>0x20000000</start_address>
               <size>0x26c</size>
               <logical_group_ref idref="lg-9"/>
            </allocated_space>
            <allocated_space>
               <start_address>0x2000026c</start_address>
               <size>0x23c</size>
               <logical_group_ref idref="lg-b"/>
            </allocated_space>
            <allocated_space>
               <start_address>0x200004a8</start_address>
               <size>0x200</size>
               <logical_group_ref idref="lg-d"/>
            </allocated_space>
            <allocated_space>
               <start_address>0x200006a8</start_address>
               <size>0x30</size>
               <logical_group_ref idref="lg-a"/>
            </allocated_space>
            <available_space>
               <start_address>0x200006d8</start_address>
               <size>0x7928</size>
            </available_space>
         </usage_details>
      </memory_area>
   </placement_map>
   <cptbl_list>
      <cptbl>
         <name>__TI_cinit_table</name>
         <cprec>
            <name>.data</name>
            <load_address>0x16b0</load_address>
            <load_size>0x1a</load_size>
            <run_address>0x200006a8</run_address>
            <run_size>0x30</run_size>
            <compression>lzss</compression>
         </cprec>
         <cprec>
            <name>.bss</name>
            <load_address>0x16d8</load_address>
            <load_size>0x8</load_size>
            <run_address>0x2000026c</run_address>
            <run_size>0x23c</run_size>
            <compression>zero_init</compression>
         </cprec>
         <cprec>
            <name>.vtable</name>
            <load_address>0x16e0</load_address>
            <load_size>0x8</load_size>
            <run_address>0x20000000</run_address>
            <run_size>0x26c</run_size>
            <compression>zero_init</compression>
         </cprec>
      </cptbl>
   </cptbl_list>
   <handler_table>
      <handler_table_name>__TI_handler_table</handler_table_name>
      <handler>
         <index>0x0</index>
         <name>__TI_zero_init</name>
      </handler>
      <handler>
         <index>0x1</index>
         <name>__TI_decompress_lzss</name>
      </handler>
      <handler>
         <index>0x2</index>
         <name>__TI_decompress_none</name>
      </handler>
   </handler_table>
   <symbol_table>
      <symbol id="sm-1">
         <name>__STACK_TOP</name>
         <value>0x200006a8</value>
      </symbol>
      <symbol id="sm-2">
         <name>__TI_CINIT_Base</name>
         <value>0x16e8</value>
      </symbol>
      <symbol id="sm-3">
         <name>__TI_CINIT_Limit</name>
         <value>0x1700</value>
      </symbol>
      <symbol id="sm-4">
         <name>__TI_Handler_Table_Base</name>
         <value>0x16cc</value>
      </symbol>
      <symbol id="sm-5">
         <name>__TI_Handler_Table_Limit</name>
         <value>0x16d8</value>
      </symbol>
      <symbol id="sm-6">
         <name>binit</name>
         <value>0xffffffff</value>
      </symbol>
      <symbol id="sm-7">
         <name>__binit__</name>
         <value>0xffffffff</value>
      </symbol>
      <symbol id="sm-8">
         <name>__STACK_SIZE</name>
         <value>0x200</value>
      </symbol>
      <symbol id="sm-9">
         <name>__STACK_END</name>
         <value>0x200006a8</value>
      </symbol>
      <symbol id="sm-a">
         <name>__c_args__</name>
         <value>0xffffffff</value>
      </symbol>
      <symbol id="sm-b">
         <name>__TI_pprof_out_hndl</name>
         <value>0xffffffff</value>
      </symbol>
      <symbol id="sm-c">
         <name>__TI_prof_data_start</name>
         <value>0xffffffff</value>
      </symbol>
      <symbol id="sm-d">
         <name>__TI_prof_data_size</name>
         <value>0xffffffff</value>
      </symbol>
      <symbol id="sm-3e">
         <name>main</name>
         <value>0x1115</value>
         <object_component_ref idref="oc-a2"/>
      </symbol>
      <symbol id="sm-5a">
         <name>ResetISR</name>
         <value>0x12d9</value>
         <object_component_ref idref="oc-2e"/>
      </symbol>
      <symbol id="sm-5b">
         <name>g_pfnVectors</name>
         <value>0x0</value>
         <object_component_ref idref="oc-f"/>
      </symbol>
      <symbol id="sm-86">
         <name>Config_BUTTON</name>
         <value>0xa15</value>
         <object_component_ref idref="oc-ca"/>
      </symbol>
      <symbol id="sm-87">
         <name>Config_LED</name>
         <value>0x979</value>
         <object_component_ref idref="oc-ca"/>
      </symbol>
      <symbol id="sm-88">
         <name>Plinky_LED</name>
         <value>0x9e1</value>
         <object_component_ref idref="oc-ca"/>
      </symbol>
      <symbol id="sm-bb">
         <name>C1101_Buf</name>
         <value>0x2000046c</value>
      </symbol>
      <symbol id="sm-bc">
         <name>C1101_WriteIdx</name>
         <value>0x200006c6</value>
         <object_component_ref idref="oc-189"/>
      </symbol>
      <symbol id="sm-bd">
         <name>CC1101_Init</name>
         <value>0x777</value>
         <object_component_ref idref="oc-d0"/>
      </symbol>
      <symbol id="sm-be">
         <name>UART_C1101_Read</name>
         <value>0x707</value>
         <object_component_ref idref="oc-d0"/>
      </symbol>
      <symbol id="sm-bf">
         <name>UART_C1101_QueryData</name>
         <value>0x701</value>
         <object_component_ref idref="oc-d0"/>
      </symbol>
      <symbol id="sm-c0">
         <name>UARTIntHandler</name>
         <value>0x691</value>
         <object_component_ref idref="oc-d0"/>
      </symbol>
      <symbol id="sm-c1">
         <name>UART_C1101_Write</name>
         <value>0x7c9</value>
         <object_component_ref idref="oc-d0"/>
      </symbol>
      <symbol id="sm-c2">
         <name>u16_avail_byte</name>
         <value>0x200006c8</value>
         <object_component_ref idref="oc-189"/>
      </symbol>
      <symbol id="sm-c3">
         <name>C1101_ReadIdx</name>
         <value>0x200006c4</value>
         <object_component_ref idref="oc-189"/>
      </symbol>
      <symbol id="sm-c4">
         <name>UART_C1101_WriteCMD</name>
         <value>0x7ff</value>
         <object_component_ref idref="oc-d0"/>
      </symbol>
      <symbol id="sm-ff">
         <name>led_cube</name>
         <value>0x2000026c</value>
      </symbol>
      <symbol id="sm-100">
         <name>choose_layer</name>
         <value>0x403</value>
         <object_component_ref idref="oc-194"/>
      </symbol>
      <symbol id="sm-101">
         <name>set_led_cube</name>
         <value>0x29d</value>
         <object_component_ref idref="oc-194"/>
      </symbol>
      <symbol id="sm-102">
         <name>bit_shift</name>
         <value>0x325</value>
         <object_component_ref idref="oc-194"/>
      </symbol>
      <symbol id="sm-103">
         <name>write_pin</name>
         <value>0x457</value>
         <object_component_ref idref="oc-194"/>
      </symbol>
      <symbol id="sm-104">
         <name>quet</name>
         <value>0x26d</value>
         <object_component_ref idref="oc-194"/>
      </symbol>
      <symbol id="sm-105">
         <name>delay</name>
         <value>0x46f</value>
         <object_component_ref idref="oc-194"/>
      </symbol>
      <symbol id="sm-106">
         <name>clear_led_cube</name>
         <value>0x2cb</value>
         <object_component_ref idref="oc-194"/>
      </symbol>
      <symbol id="sm-107">
         <name>layer_shift</name>
         <value>0x3ad</value>
         <object_component_ref idref="oc-194"/>
      </symbol>
      <symbol id="sm-108">
         <name>get_led_cube</name>
         <value>0x2f9</value>
         <object_component_ref idref="oc-194"/>
      </symbol>
      <symbol id="sm-109">
         <name>column_shift</name>
         <value>0x36d</value>
         <object_component_ref idref="oc-194"/>
      </symbol>
      <symbol id="sm-134">
         <name>hieu_ung_1</name>
         <value>0x495</value>
         <object_component_ref idref="oc-dc"/>
      </symbol>
      <symbol id="sm-135">
         <name>hieu_ung_2</name>
         <value>0x535</value>
         <object_component_ref idref="oc-dc"/>
      </symbol>
      <symbol id="sm-1bf">
         <name>GPIOIntRegister</name>
         <value>0x11c1</value>
         <object_component_ref idref="oc-125"/>
      </symbol>
      <symbol id="sm-1c0">
         <name>GPIOPinConfigure</name>
         <value>0xf9d</value>
         <object_component_ref idref="oc-165"/>
      </symbol>
      <symbol id="sm-1c1">
         <name>GPIOIntEnable</name>
         <value>0x12c1</value>
         <object_component_ref idref="oc-12b"/>
      </symbol>
      <symbol id="sm-1c2">
         <name>GPIOPinTypeGPIOInput</name>
         <value>0x1249</value>
         <object_component_ref idref="oc-119"/>
      </symbol>
      <symbol id="sm-1c3">
         <name>GPIOIntClear</name>
         <value>0x1301</value>
         <object_component_ref idref="oc-143"/>
      </symbol>
      <symbol id="sm-1c4">
         <name>GPIOPinTypeUART</name>
         <value>0x125b</value>
         <object_component_ref idref="oc-16b"/>
      </symbol>
      <symbol id="sm-1c5">
         <name>GPIOIntStatus</name>
         <value>0x127d</value>
         <object_component_ref idref="oc-13d"/>
      </symbol>
      <symbol id="sm-1c6">
         <name>GPIOPinTypeGPIOOutput</name>
         <value>0x11d9</value>
         <object_component_ref idref="oc-10d"/>
      </symbol>
      <symbol id="sm-1c7">
         <name>GPIODirModeSet</name>
         <value>0x1175</value>
         <object_component_ref idref="oc-1ad"/>
      </symbol>
      <symbol id="sm-1c8">
         <name>GPIOPinWrite</name>
         <value>0x1307</value>
         <object_component_ref idref="oc-113"/>
      </symbol>
      <symbol id="sm-1c9">
         <name>GPIOPadConfigSet</name>
         <value>0x845</value>
         <object_component_ref idref="oc-11f"/>
      </symbol>
      <symbol id="sm-20b">
         <name>IntEnable</name>
         <value>0xe2d</value>
         <object_component_ref idref="oc-131"/>
      </symbol>
      <symbol id="sm-20c">
         <name>IntRegister</name>
         <value>0x10ad</value>
         <object_component_ref idref="oc-1be"/>
      </symbol>
      <symbol id="sm-20d">
         <name>g_pfnRAMVectors</name>
         <value>0x20000000</value>
         <object_component_ref idref="oc-211"/>
      </symbol>
      <symbol id="sm-20e">
         <name>IntMasterEnable</name>
         <value>0x126d</value>
         <object_component_ref idref="oc-137"/>
      </symbol>
      <symbol id="sm-260">
         <name>SysCtlClockSet</name>
         <value>0xbb1</value>
         <object_component_ref idref="oc-c4"/>
      </symbol>
      <symbol id="sm-261">
         <name>SysCtlDelay</name>
         <value>0x130d</value>
         <object_component_ref idref="oc-104"/>
      </symbol>
      <symbol id="sm-262">
         <name>SysCtlPeripheralEnable</name>
         <value>0x10e1</value>
         <object_component_ref idref="oc-107"/>
      </symbol>
      <symbol id="sm-263">
         <name>SysCtlClockGet</name>
         <value>0xaa1</value>
         <object_component_ref idref="oc-d6"/>
      </symbol>
      <symbol id="sm-2dc">
         <name>UARTConfigSetExpClk</name>
         <value>0xfe5</value>
         <object_component_ref idref="oc-171"/>
      </symbol>
      <symbol id="sm-2dd">
         <name>UARTDisable</name>
         <value>0x11a1</value>
         <object_component_ref idref="oc-1e0"/>
      </symbol>
      <symbol id="sm-2de">
         <name>UARTIntEnable</name>
         <value>0x12f9</value>
         <object_component_ref idref="oc-17d"/>
      </symbol>
      <symbol id="sm-2df">
         <name>UARTCharsAvail</name>
         <value>0x1299</value>
         <object_component_ref idref="oc-15f"/>
      </symbol>
      <symbol id="sm-2e0">
         <name>UARTCharGetNonBlocking</name>
         <value>0x128b</value>
         <object_component_ref idref="oc-159"/>
      </symbol>
      <symbol id="sm-2e1">
         <name>UARTCharPut</name>
         <value>0x12e5</value>
         <object_component_ref idref="oc-183"/>
      </symbol>
      <symbol id="sm-2e2">
         <name>UARTEnable</name>
         <value>0x1221</value>
         <object_component_ref idref="oc-1e6"/>
      </symbol>
      <symbol id="sm-2e3">
         <name>UARTIntClear</name>
         <value>0x1313</value>
         <object_component_ref idref="oc-153"/>
      </symbol>
      <symbol id="sm-2e4">
         <name>UARTIntStatus</name>
         <value>0x12ef</value>
         <object_component_ref idref="oc-14d"/>
      </symbol>
      <symbol id="sm-2e5">
         <name>UARTIntRegister</name>
         <value>0x11f1</value>
         <object_component_ref idref="oc-177"/>
      </symbol>
      <symbol id="sm-2ef">
         <name>CPUcpsie</name>
         <value>0x12b5</value>
         <object_component_ref idref="oc-1cb"/>
      </symbol>
      <symbol id="sm-301">
         <name>__TI_zero_init</name>
         <value>0x12cd</value>
         <object_component_ref idref="oc-1e"/>
      </symbol>
      <symbol id="sm-318">
         <name>__TI_decompress_none</name>
         <value>0x12a7</value>
         <object_component_ref idref="oc-18"/>
      </symbol>
      <symbol id="sm-336">
         <name>__TI_decompress_lzss</name>
         <value>0xe95</value>
         <object_component_ref idref="oc-12"/>
      </symbol>
      <symbol id="sm-349">
         <name>_c_int00</name>
         <value>0x1145</value>
         <object_component_ref idref="oc-24"/>
      </symbol>
      <symbol id="sm-34a">
         <name>__stack</name>
         <value>0x200004a8</value>
         <object_component_ref idref="oc-2b"/>
      </symbol>
      <symbol id="sm-359">
         <name>__aeabi_memset</name>
         <value>0xd43</value>
         <object_component_ref idref="oc-4e"/>
      </symbol>
      <symbol id="sm-35a">
         <name>memset</name>
         <value>0xd49</value>
         <object_component_ref idref="oc-4e"/>
      </symbol>
      <symbol id="sm-35b">
         <name>__aeabi_memset8</name>
         <value>0xd43</value>
         <object_component_ref idref="oc-4e"/>
      </symbol>
      <symbol id="sm-35c">
         <name>__aeabi_memset4</name>
         <value>0xd43</value>
         <object_component_ref idref="oc-4e"/>
      </symbol>
      <symbol id="sm-35d">
         <name>__aeabi_memclr8</name>
         <value>0xd41</value>
         <object_component_ref idref="oc-4e"/>
      </symbol>
      <symbol id="sm-35e">
         <name>__aeabi_memclr4</name>
         <value>0xd41</value>
         <object_component_ref idref="oc-4e"/>
      </symbol>
      <symbol id="sm-35f">
         <name>__aeabi_memclr</name>
         <value>0xd41</value>
         <object_component_ref idref="oc-4e"/>
      </symbol>
      <symbol id="sm-37a">
         <name>memcpy</name>
         <value>0xca5</value>
         <object_component_ref idref="oc-42"/>
      </symbol>
      <symbol id="sm-37b">
         <name>__aeabi_memcpy</name>
         <value>0xca5</value>
         <object_component_ref idref="oc-42"/>
      </symbol>
      <symbol id="sm-37c">
         <name>__aeabi_memcpy8</name>
         <value>0xca5</value>
         <object_component_ref idref="oc-42"/>
      </symbol>
      <symbol id="sm-37d">
         <name>__aeabi_memcpy4</name>
         <value>0xca5</value>
         <object_component_ref idref="oc-42"/>
      </symbol>
      <symbol id="sm-3a7">
         <name>__TI_auto_init</name>
         <value>0xdbd</value>
         <object_component_ref idref="oc-60"/>
      </symbol>
      <symbol id="sm-3b1">
         <name>_system_pre_init</name>
         <value>0x1317</value>
         <object_component_ref idref="oc-5a"/>
      </symbol>
      <symbol id="sm-3bb">
         <name>_system_post_cinit</name>
         <value>0x977</value>
         <object_component_ref idref="oc-9a"/>
      </symbol>
      <symbol id="sm-3d5">
         <name>copy_in</name>
         <value>0xf51</value>
         <object_component_ref idref="oc-94"/>
      </symbol>
      <symbol id="sm-3f6">
         <name>C$$EXIT</name>
         <value>0xefd</value>
         <object_component_ref idref="oc-6c"/>
      </symbol>
      <symbol id="sm-3f7">
         <name>abort</name>
         <value>0xf01</value>
         <object_component_ref idref="oc-6c"/>
      </symbol>
      <symbol id="sm-3f8">
         <name>exit</name>
         <value>0xf09</value>
         <object_component_ref idref="oc-6c"/>
      </symbol>
      <symbol id="sm-3f9">
         <name>__TI_dtors_ptr</name>
         <value>0x200006ac</value>
         <object_component_ref idref="oc-aa"/>
      </symbol>
      <symbol id="sm-3fa">
         <name>__TI_cleanup_ptr</name>
         <value>0x200006a8</value>
         <object_component_ref idref="oc-aa"/>
      </symbol>
      <symbol id="sm-3fb">
         <name>__TI_enable_exit_profile_output</name>
         <value>0x200006b0</value>
         <object_component_ref idref="oc-aa"/>
      </symbol>
      <symbol id="sm-414">
         <name>_nop</name>
         <value>0x1243</value>
         <object_component_ref idref="oc-ec"/>
      </symbol>
      <symbol id="sm-415">
         <name>_lock</name>
         <value>0x200006b4</value>
         <object_component_ref idref="oc-ad"/>
      </symbol>
      <symbol id="sm-416">
         <name>_unlock</name>
         <value>0x200006b8</value>
         <object_component_ref idref="oc-ad"/>
      </symbol>
      <symbol id="sm-417">
         <name>_register_lock</name>
         <value>0x123b</value>
         <object_component_ref idref="oc-ec"/>
      </symbol>
      <symbol id="sm-418">
         <name>_register_unlock</name>
         <value>0x1235</value>
         <object_component_ref idref="oc-ec"/>
      </symbol>
      <symbol id="sm-42c">
         <name>_args_main</name>
         <value>0x1209</value>
         <object_component_ref idref="oc-66"/>
      </symbol>
      <symbol id="sm-42d">
         <name>__TI_static_base__</name>
         <value>0x0</value>
      </symbol>
      <symbol id="sm-430">
         <name>__mpu_init</name>
         <value>0x0</value>
      </symbol>
      <symbol id="sm-431">
         <name>SHT$$INIT_ARRAY$$Limit</name>
         <value>0x0</value>
      </symbol>
      <symbol id="sm-432">
         <name>SHT$$INIT_ARRAY$$Base</name>
         <value>0x0</value>
      </symbol>
   </symbol_table>
   <title>Link successful</title>
</link_info>
