******************************************************************************
                  TI ARM Linker PC v17.6.0                     
******************************************************************************
>> Linked Wed Oct 11 10:49:04 2017

OUTPUT FILE NAME:   <rya_bai_thu_dan.out>
ENTRY POINT SYMBOL: "_c_int00"  address: 00000cad


MEMORY CONFIGURATION

         name            origin    length      used     unused   attr    fill
----------------------  --------  ---------  --------  --------  ----  --------
  FLASH                 00000000   00040000  000010d4  0003ef2c  R  X
  SRAM                  20000000   00008000  0000068a  00007976  RW X


SEGMENT ALLOCATION MAP

run origin  load origin   length   init length attrs members
----------  ----------- ---------- ----------- ----- -------
00000000    00000000    000010d8   000010d8    r-x
  00000000    00000000    0000026c   0000026c    r-- .intvecs
  0000026c    0000026c    00000b9c   00000b9c    r-x .text
  00000e08    00000e08    00000284   00000284    r-- .const
  00001090    00001090    00000048   00000048    r-- .cinit
20000000    20000000    0000068a   00000000    rw-
  20000000    20000000    0000026c   00000000    rw- .vtable
  2000026c    2000026c    00000204   00000000    rw- .bss
  20000470    20000470    00000200   00000000    rw- .stack
  20000670    20000670    0000001a   00000000    rw- .data


SECTION ALLOCATION MAP

 output                                  attributes/
section   page    origin      length       input sections
--------  ----  ----------  ----------   ----------------
.intvecs   0    00000000    0000026c     
                  00000000    0000026c     tm4c123gh6pm_startup_ccs.obj (.intvecs)

.text      0    0000026c    00000b9c     
                  0000026c    00000240     quet_led.obj (.text)
                  000004ac    00000132     driverlib.lib : gpio.obj (.text:GPIOPadConfigSet)
                  000005de    00000002     rtsv7M4_T_le_v4SPD16_eabi.lib : startup.obj (.text)
                  000005e0    00000128     GPIO.obj (.text)
                  00000708    00000110     driverlib.lib : sysctl.obj (.text:SysCtlClockGet)
                  00000818    000000f4                   : sysctl.obj (.text:SysCtlClockSet)
                  0000090c    0000009c     rtsv7M4_T_le_v4SPD16_eabi.lib : memcpy_t2.obj (.text)
                  000009a8    0000007a                                   : memset_t2.obj (.text)
                  00000a22    00000002     --HOLE-- [fill = 0]
                  00000a24    00000070                                   : autoinit.obj (.text)
                  00000a94    00000068     driverlib.lib : interrupt.obj (.text:IntEnable)
                  00000afc    00000068     rtsv7M4_T_le_v4SPD16_eabi.lib : copy_decompress_lzss.obj (.text:decompress:lzss)
                  00000b64    00000054                                   : exit.obj (.text)
                  00000bb8    0000004c                                   : cpy_tbl.obj (.text)
                  00000c04    00000040     driverlib.lib : gpio.obj (.text:_GPIOIntNumberGet)
                  00000c44    00000034                   : interrupt.obj (.text:IntRegister)
                  00000c78    00000034                   : sysctl.obj (.text:SysCtlPeripheralEnable)
                  00000cac    00000030     rtsv7M4_T_le_v4SPD16_eabi.lib : boot_cortex_m.obj (.text)
                  00000cdc    0000002a     driverlib.lib : gpio.obj (.text:GPIODirModeSet)
                  00000d06    00000002     --HOLE-- [fill = 0]
                  00000d08    00000020     main.obj (.text)
                  00000d28    00000018     driverlib.lib : gpio.obj (.text:GPIOIntRegister)
                  00000d40    00000018                   : gpio.obj (.text:GPIOPinTypeGPIOOutput)
                  00000d58    00000018     rtsv7M4_T_le_v4SPD16_eabi.lib : args_main.obj (.text)
                  00000d70    00000014                                   : _lock.obj (.text)
                  00000d84    00000012     driverlib.lib : gpio.obj (.text:GPIOPinTypeGPIOInput)
                  00000d96    00000010                   : interrupt.obj (.text:IntMasterEnable)
                  00000da6    0000000e                   : gpio.obj (.text:GPIOIntStatus)
                  00000db4    0000000e     rtsv7M4_T_le_v4SPD16_eabi.lib : copy_decompress_none.obj (.text:decompress:none)
                  00000dc2    0000000c     driverlib.lib : cpu.obj (.text:CPUcpsie)
                  00000dce    0000000c                   : gpio.obj (.text:GPIOIntEnable)
                  00000dda    0000000c     rtsv7M4_T_le_v4SPD16_eabi.lib : copy_zero_init.obj (.text:decompress:ZI)
                  00000de6    0000000c     tm4c123gh6pm_startup_ccs.obj (.text)
                  00000df2    00000006     driverlib.lib : gpio.obj (.text:GPIOIntClear)
                  00000df8    00000006                   : gpio.obj (.text:GPIOPinWrite)
                  00000dfe    00000006                   : sysctl.obj (.text:SysCtlDelay)
                  00000e04    00000004     rtsv7M4_T_le_v4SPD16_eabi.lib : pre_init.obj (.text)

.const     0    00000e08    00000284     
                  00000e08    000000c0     driverlib.lib : gpio.obj (.const:g_ppui32GPIOIntMapBlizzard)
                  00000ec8    000000c0                   : gpio.obj (.const:g_ppui32GPIOIntMapSnowflake)
                  00000f88    00000070                   : interrupt.obj (.const)
                  00000ff8    0000006c                   : sysctl.obj (.const:g_pui32Xtals)
                  00001064    00000020     quet_led.obj (.const:$P$T1$3)
                  00001084    00000008     quet_led.obj (.const:.string:$P$T0$2)

.cinit     0    00001090    00000048     
                  00001090    00000012     (.cinit..data.load) [load image, compression = lzss]
                  000010a2    00000002     --HOLE-- [fill = 0]
                  000010a4    0000000c     (__TI_handler_table)
                  000010b0    00000008     (.cinit..bss.load) [load image, compression = zero_init]
                  000010b8    00000008     (.cinit..vtable.load) [load image, compression = zero_init]
                  000010c0    00000018     (__TI_cinit_table)

.init_array 
*          0    00000000    00000000     UNINITIALIZED

.vtable    0    20000000    0000026c     UNINITIALIZED
                  20000000    0000026c     driverlib.lib : interrupt.obj (.vtable)

.bss       0    2000026c    00000204     UNINITIALIZED
                  2000026c    00000200     (.common:led_cube)
                  2000046c    00000004     (.common:a)

.data      0    20000670    0000001a     UNINITIALIZED
                  20000670    0000000c     rtsv7M4_T_le_v4SPD16_eabi.lib : exit.obj (.data:$O1$$)
                  2000067c    00000008                                   : _lock.obj (.data:$O1$$)
                  20000684    00000005     GPIO.obj (.data)
                  20000689    00000001     quet_led.obj (.data)

.stack     0    20000470    00000200     UNINITIALIZED
                  20000470    00000004     rtsv7M4_T_le_v4SPD16_eabi.lib : boot_cortex_m.obj (.stack)
                  20000474    000001fc     --HOLE--

MODULE SUMMARY

       Module                         code   ro data   rw data
       ------                         ----   -------   -------
    .\
       tm4c123gh6pm_startup_ccs.obj   12     620       0      
       main.obj                       32     0         0      
    +--+------------------------------+------+---------+---------+
       Total:                         44     620       0      
                                                              
    .\GPIO\
       GPIO.obj                       296    0         9      
    +--+------------------------------+------+---------+---------+
       Total:                         296    0         9      
                                                              
    .\quet_led\
       quet_led.obj                   576    40        513    
    +--+------------------------------+------+---------+---------+
       Total:                         576    40        513    
                                                              
    C:/ti/TivaWare_C_Series-2.1.2.111/driverlib/ccs/Debug/driverlib.lib
       interrupt.obj                  172    112       620    
       gpio.obj                       516    384       0      
       sysctl.obj                     574    108       0      
       cpu.obj                        12     0         0      
    +--+------------------------------+------+---------+---------+
       Total:                         1274   604       620    
                                                              
    C:\ti\ccsv7\tools\compiler\ti-cgt-arm_17.6.0.STS\lib\rtsv7M4_T_le_v4SPD16_eabi.lib
       memcpy_t2.obj                  156    0         0      
       memset_t2.obj                  122    0         0      
       autoinit.obj                   112    0         0      
       copy_decompress_lzss.obj       104    0         0      
       exit.obj                       84     0         12     
       cpy_tbl.obj                    76     0         0      
       boot_cortex_m.obj              48     0         0      
       _lock.obj                      20     0         8      
       args_main.obj                  24     0         0      
       copy_decompress_none.obj       14     0         0      
       copy_zero_init.obj             12     0         0      
       pre_init.obj                   4      0         0      
       startup.obj                    2      0         0      
    +--+------------------------------+------+---------+---------+
       Total:                         778    0         20     
                                                              
       Stack:                         0      0         512    
       Linker Generated:              0      70        0      
    +--+------------------------------+------+---------+---------+
       Grand Total:                   2968   1334      1674   


LINKER GENERATED COPY TABLES

__TI_cinit_table @ 000010c0 records: 3, size/record: 8, table size: 24
	.data: load addr=00001090, load size=00000012 bytes, run addr=20000670, run size=0000001a bytes, compression=lzss
	.bss: load addr=000010b0, load size=00000008 bytes, run addr=2000026c, run size=00000204 bytes, compression=zero_init
	.vtable: load addr=000010b8, load size=00000008 bytes, run addr=20000000, run size=0000026c bytes, compression=zero_init


LINKER GENERATED HANDLER TABLE

__TI_handler_table @ 000010a4 records: 3, size/record: 4, table size: 12
	index: 0, handler: __TI_zero_init
	index: 1, handler: __TI_decompress_lzss
	index: 2, handler: __TI_decompress_none


GLOBAL SYMBOLS: SORTED ALPHABETICALLY BY Name 

address   name                           
-------   ----                           
00000b65  C$$EXIT                        
00000dc3  CPUcpsie                       
0000067d  Config_BUTTON                  
000005e1  Config_LED                     
00000cdd  GPIODirModeSet                 
00000df3  GPIOIntClear                   
00000dcf  GPIOIntEnable                  
00000d29  GPIOIntRegister                
00000da7  GPIOIntStatus                  
000004ad  GPIOPadConfigSet               
00000d85  GPIOPinTypeGPIOInput           
00000d41  GPIOPinTypeGPIOOutput          
00000df9  GPIOPinWrite                   
00000a95  IntEnable                      
00000d97  IntMasterEnable                
00000c45  IntRegister                    
00000649  Plinky_LED                     
00000de7  ResetISR                       
UNDEFED   SHT$$INIT_ARRAY$$Base          
UNDEFED   SHT$$INIT_ARRAY$$Limit         
00000709  SysCtlClockGet                 
00000819  SysCtlClockSet                 
00000dff  SysCtlDelay                    
00000c79  SysCtlPeripheralEnable         
20000670  __STACK_END                    
00000200  __STACK_SIZE                   
20000670  __STACK_TOP                    
000010c0  __TI_CINIT_Base                
000010d8  __TI_CINIT_Limit               
000010a4  __TI_Handler_Table_Base        
000010b0  __TI_Handler_Table_Limit       
00000a25  __TI_auto_init                 
20000670  __TI_cleanup_ptr               
00000afd  __TI_decompress_lzss           
00000db5  __TI_decompress_none           
20000674  __TI_dtors_ptr                 
20000678  __TI_enable_exit_profile_output
ffffffff  __TI_pprof_out_hndl            
ffffffff  __TI_prof_data_size            
ffffffff  __TI_prof_data_start           
00000000  __TI_static_base__             
00000ddb  __TI_zero_init                 
000009a9  __aeabi_memclr                 
000009a9  __aeabi_memclr4                
000009a9  __aeabi_memclr8                
0000090d  __aeabi_memcpy                 
0000090d  __aeabi_memcpy4                
0000090d  __aeabi_memcpy8                
000009ab  __aeabi_memset                 
000009ab  __aeabi_memset4                
000009ab  __aeabi_memset8                
ffffffff  __binit__                      
ffffffff  __c_args__                     
UNDEFED   __mpu_init                     
20000470  __stack                        
00000d59  _args_main                     
00000cad  _c_int00                       
2000067c  _lock                          
00000d7f  _nop                           
00000d77  _register_lock                 
00000d71  _register_unlock               
000005df  _system_post_cinit             
00000e05  _system_pre_init               
20000680  _unlock                        
2000046c  a                              
00000b69  abort                          
ffffffff  binit                          
00000317  bit_shift                      
0000040d  choose_layer                   
000002bd  clear_led_cube                 
0000035f  column_shift                   
00000bb9  copy_in                        
00000487  delay                          
00000b71  exit                           
20000000  g_pfnRAMVectors                
00000000  g_pfnVectors                   
000002eb  get_led_cube                   
000003b7  layer_shift                    
2000026c  led_cube                       
00000d09  main                           
0000090d  memcpy                         
000009b1  memset                         
0000026d  quet                           
0000028f  set_led_cube                   
0000046f  write_pin                      


GLOBAL SYMBOLS: SORTED BY Symbol Address 

address   name                           
-------   ----                           
00000000  __TI_static_base__             
00000000  g_pfnVectors                   
00000200  __STACK_SIZE                   
0000026d  quet                           
0000028f  set_led_cube                   
000002bd  clear_led_cube                 
000002eb  get_led_cube                   
00000317  bit_shift                      
0000035f  column_shift                   
000003b7  layer_shift                    
0000040d  choose_layer                   
0000046f  write_pin                      
00000487  delay                          
000004ad  GPIOPadConfigSet               
000005df  _system_post_cinit             
000005e1  Config_LED                     
00000649  Plinky_LED                     
0000067d  Config_BUTTON                  
00000709  SysCtlClockGet                 
00000819  SysCtlClockSet                 
0000090d  __aeabi_memcpy                 
0000090d  __aeabi_memcpy4                
0000090d  __aeabi_memcpy8                
0000090d  memcpy                         
000009a9  __aeabi_memclr                 
000009a9  __aeabi_memclr4                
000009a9  __aeabi_memclr8                
000009ab  __aeabi_memset                 
000009ab  __aeabi_memset4                
000009ab  __aeabi_memset8                
000009b1  memset                         
00000a25  __TI_auto_init                 
00000a95  IntEnable                      
00000afd  __TI_decompress_lzss           
00000b65  C$$EXIT                        
00000b69  abort                          
00000b71  exit                           
00000bb9  copy_in                        
00000c45  IntRegister                    
00000c79  SysCtlPeripheralEnable         
00000cad  _c_int00                       
00000cdd  GPIODirModeSet                 
00000d09  main                           
00000d29  GPIOIntRegister                
00000d41  GPIOPinTypeGPIOOutput          
00000d59  _args_main                     
00000d71  _register_unlock               
00000d77  _register_lock                 
00000d7f  _nop                           
00000d85  GPIOPinTypeGPIOInput           
00000d97  IntMasterEnable                
00000da7  GPIOIntStatus                  
00000db5  __TI_decompress_none           
00000dc3  CPUcpsie                       
00000dcf  GPIOIntEnable                  
00000ddb  __TI_zero_init                 
00000de7  ResetISR                       
00000df3  GPIOIntClear                   
00000df9  GPIOPinWrite                   
00000dff  SysCtlDelay                    
00000e05  _system_pre_init               
000010a4  __TI_Handler_Table_Base        
000010b0  __TI_Handler_Table_Limit       
000010c0  __TI_CINIT_Base                
000010d8  __TI_CINIT_Limit               
20000000  g_pfnRAMVectors                
2000026c  led_cube                       
2000046c  a                              
20000470  __stack                        
20000670  __STACK_END                    
20000670  __STACK_TOP                    
20000670  __TI_cleanup_ptr               
20000674  __TI_dtors_ptr                 
20000678  __TI_enable_exit_profile_output
2000067c  _lock                          
20000680  _unlock                        
ffffffff  __TI_pprof_out_hndl            
ffffffff  __TI_prof_data_size            
ffffffff  __TI_prof_data_start           
ffffffff  __binit__                      
ffffffff  __c_args__                     
ffffffff  binit                          
UNDEFED   SHT$$INIT_ARRAY$$Base          
UNDEFED   SHT$$INIT_ARRAY$$Limit         
UNDEFED   __mpu_init                     

[85 symbols]
